Component: ARM Compiler 5.06 update 6 (build 750) Tool: armlink [4d35ed]

==============================================================================

Section Cross References

    startup_stm32f746xx.o(RESET) refers to startup_stm32f746xx.o(STACK) for __initial_sp
    startup_stm32f746xx.o(RESET) refers to startup_stm32f746xx.o(.text) for Reset_Handler
    startup_stm32f746xx.o(RESET) refers to stm32f7xx_it.o(i.NMI_Handler) for NMI_Handler
    startup_stm32f746xx.o(RESET) refers to stm32f7xx_it.o(i.HardFault_Handler) for HardFault_Handler
    startup_stm32f746xx.o(RESET) refers to stm32f7xx_it.o(i.MemManage_Handler) for MemManage_Handler
    startup_stm32f746xx.o(RESET) refers to stm32f7xx_it.o(i.BusFault_Handler) for BusFault_Handler
    startup_stm32f746xx.o(RESET) refers to stm32f7xx_it.o(i.UsageFault_Handler) for UsageFault_Handler
    startup_stm32f746xx.o(RESET) refers to stm32f7xx_it.o(i.SVC_Handler) for SVC_Handler
    startup_stm32f746xx.o(RESET) refers to stm32f7xx_it.o(i.DebugMon_Handler) for DebugMon_Handler
    startup_stm32f746xx.o(RESET) refers to stm32f7xx_it.o(i.PendSV_Handler) for PendSV_Handler
    startup_stm32f746xx.o(RESET) refers to stm32f7xx_it.o(i.USART1_IRQHandler) for USART1_IRQHandler
    startup_stm32f746xx.o(RESET) refers to stm32f7xx_it.o(i.TIM6_DAC_IRQHandler) for TIM6_DAC_IRQHandler
    startup_stm32f746xx.o(RESET) refers to stm32f7xx_it.o(i.USART6_IRQHandler) for USART6_IRQHandler
    startup_stm32f746xx.o(RESET) refers to stm32f7xx_it.o(i.LTDC_IRQHandler) for LTDC_IRQHandler
    startup_stm32f746xx.o(RESET) refers to stm32f7xx_it.o(i.DMA2D_IRQHandler) for DMA2D_IRQHandler
    startup_stm32f746xx.o(.text) refers to system_stm32f7xx.o(i.SystemInit) for SystemInit
    startup_stm32f746xx.o(.text) refers to entry.o(.ARM.Collect$$$$00000000) for __main
    main.o(i.HAL_TIM_PeriodElapsedCallback) refers to stm32f7xx_hal.o(i.HAL_IncTick) for HAL_IncTick
    main.o(i.HAL_UART_RxCpltCallback) refers to stm32f7xx_hal_uart.o(i.HAL_UART_Transmit_IT) for HAL_UART_Transmit_IT
    main.o(i.HAL_UART_RxCpltCallback) refers to main.o(.bss) for .bss
    main.o(i.HAL_UART_TxCpltCallback) refers to stm32f7xx_hal_gpio.o(i.HAL_GPIO_TogglePin) for HAL_GPIO_TogglePin
    main.o(i.HAL_UART_TxCpltCallback) refers to stm32f7xx_hal_uart.o(i.HAL_UART_Receive_IT) for HAL_UART_Receive_IT
    main.o(i.HAL_UART_TxCpltCallback) refers to main.o(.bss) for .bss
    main.o(i.MX_ADC3_Init) refers to stm32f7xx_hal_adc.o(i.HAL_ADC_Init) for HAL_ADC_Init
    main.o(i.MX_ADC3_Init) refers to stm32f7xx_hal_adc.o(i.HAL_ADC_ConfigChannel) for HAL_ADC_ConfigChannel
    main.o(i.MX_ADC3_Init) refers to main.o(.bss) for .bss
    main.o(i.MX_DCMI_Init) refers to stm32f7xx_hal_dcmi.o(i.HAL_DCMI_Init) for HAL_DCMI_Init
    main.o(i.MX_DCMI_Init) refers to main.o(.bss) for .bss
    main.o(i.MX_FMC_Init) refers to memseta.o(.text) for __aeabi_memclr4
    main.o(i.MX_FMC_Init) refers to stm32f7xx_hal_sdram.o(i.HAL_SDRAM_Init) for HAL_SDRAM_Init
    main.o(i.MX_FMC_Init) refers to main.o(.bss) for .bss
    main.o(i.MX_GPIO_Init) refers to memseta.o(.text) for __aeabi_memclr4
    main.o(i.MX_GPIO_Init) refers to stm32f7xx_hal_gpio.o(i.HAL_GPIO_WritePin) for HAL_GPIO_WritePin
    main.o(i.MX_GPIO_Init) refers to stm32f7xx_hal_gpio.o(i.HAL_GPIO_Init) for HAL_GPIO_Init
    main.o(i.MX_I2C1_Init) refers to stm32f7xx_hal_i2c.o(i.HAL_I2C_Init) for HAL_I2C_Init
    main.o(i.MX_I2C1_Init) refers to stm32f7xx_hal_i2c_ex.o(i.HAL_I2CEx_ConfigAnalogFilter) for HAL_I2CEx_ConfigAnalogFilter
    main.o(i.MX_I2C1_Init) refers to stm32f7xx_hal_i2c_ex.o(i.HAL_I2CEx_ConfigDigitalFilter) for HAL_I2CEx_ConfigDigitalFilter
    main.o(i.MX_I2C1_Init) refers to main.o(.bss) for .bss
    main.o(i.MX_I2C3_Init) refers to stm32f7xx_hal_i2c.o(i.HAL_I2C_Init) for HAL_I2C_Init
    main.o(i.MX_I2C3_Init) refers to stm32f7xx_hal_i2c_ex.o(i.HAL_I2CEx_ConfigAnalogFilter) for HAL_I2CEx_ConfigAnalogFilter
    main.o(i.MX_I2C3_Init) refers to stm32f7xx_hal_i2c_ex.o(i.HAL_I2CEx_ConfigDigitalFilter) for HAL_I2CEx_ConfigDigitalFilter
    main.o(i.MX_I2C3_Init) refers to main.o(.bss) for .bss
    main.o(i.MX_LTDC_Init) refers to memseta.o(.text) for __aeabi_memclr4
    main.o(i.MX_LTDC_Init) refers to stm32f7xx_hal_ltdc.o(i.HAL_LTDC_Init) for HAL_LTDC_Init
    main.o(i.MX_LTDC_Init) refers to stm32f7xx_hal_ltdc.o(i.HAL_LTDC_ConfigLayer) for HAL_LTDC_ConfigLayer
    main.o(i.MX_LTDC_Init) refers to main.o(.bss) for .bss
    main.o(i.MX_RTC_Init) refers to memseta.o(.text) for __aeabi_memclr4
    main.o(i.MX_RTC_Init) refers to stm32f7xx_hal_rtc.o(i.HAL_RTC_Init) for HAL_RTC_Init
    main.o(i.MX_RTC_Init) refers to stm32f7xx_hal_rtc.o(i.HAL_RTC_SetTime) for HAL_RTC_SetTime
    main.o(i.MX_RTC_Init) refers to stm32f7xx_hal_rtc.o(i.HAL_RTC_SetDate) for HAL_RTC_SetDate
    main.o(i.MX_RTC_Init) refers to stm32f7xx_hal_rtc.o(i.HAL_RTC_SetAlarm) for HAL_RTC_SetAlarm
[...]
    i.HAL_SD_ReadBlocks                      0x08002f98   Section        0  stm32f7xx_hal_sd.o(i.HAL_SD_ReadBlocks)
    i.HAL_SD_WriteBlocks                     0x08003148   Section        0  stm32f7xx_hal_sd.o(i.HAL_SD_WriteBlocks)
    i.HAL_SPDIFRX_Init                       0x080032ec   Section        0  stm32f7xx_hal_spdifrx.o(i.HAL_SPDIFRX_Init)
    i.HAL_SPDIFRX_MspInit                    0x08003360   Section        0  stm32f7xx_hal_msp.o(i.HAL_SPDIFRX_MspInit)
    i.HAL_TIMEx_Break2Callback               0x080033c4   Section        0  stm32f7xx_hal_tim_ex.o(i.HAL_TIMEx_Break2Callback)
    i.HAL_TIMEx_BreakCallback                0x080033c6   Section        0  stm32f7xx_hal_tim_ex.o(i.HAL_TIMEx_BreakCallback)
    i.HAL_TIMEx_CommutCallback               0x080033c8   Section        0  stm32f7xx_hal_tim_ex.o(i.HAL_TIMEx_CommutCallback)
    i.HAL_TIMEx_ConfigBreakDeadTime          0x080033cc   Section        0  stm32f7xx_hal_tim_ex.o(i.HAL_TIMEx_ConfigBreakDeadTime)
    i.HAL_TIMEx_MasterConfigSynchronization  0x0800346c   Section        0  stm32f7xx_hal_tim_ex.o(i.HAL_TIMEx_MasterConfigSynchronization)
    i.HAL_TIM_Base_Init                      0x080034cc   Section        0  stm32f7xx_hal_tim.o(i.HAL_TIM_Base_Init)
    i.HAL_TIM_Base_MspInit                   0x08003504   Section        0  stm32f7xx_hal_msp.o(i.HAL_TIM_Base_MspInit)
    i.HAL_TIM_Base_Start_IT                  0x0800358c   Section        0  stm32f7xx_hal_tim.o(i.HAL_TIM_Base_Start_IT)
    i.HAL_TIM_ConfigClockSource              0x080035b8   Section        0  stm32f7xx_hal_tim.o(i.HAL_TIM_ConfigClockSource)
    i.HAL_TIM_IC_CaptureCallback             0x08003694   Section        0  stm32f7xx_hal_tim.o(i.HAL_TIM_IC_CaptureCallback)
    i.HAL_TIM_IRQHandler                     0x08003696   Section        0  stm32f7xx_hal_tim.o(i.HAL_TIM_IRQHandler)
    i.HAL_TIM_MspPostInit                    0x08003818   Section        0  stm32f7xx_hal_msp.o(i.HAL_TIM_MspPostInit)
    i.HAL_TIM_OC_DelayElapsedCallback        0x08003918   Section        0  stm32f7xx_hal_tim.o(i.HAL_TIM_OC_DelayElapsedCallback)
    i.HAL_TIM_PWM_ConfigChannel              0x0800391a   Section        0  stm32f7xx_hal_tim.o(i.HAL_TIM_PWM_ConfigChannel)
    i.HAL_TIM_PWM_Init                       0x08003a42   Section        0  stm32f7xx_hal_tim.o(i.HAL_TIM_PWM_Init)
    i.HAL_TIM_PWM_MspInit                    0x08003a78   Section        0  stm32f7xx_hal_msp.o(i.HAL_TIM_PWM_MspInit)
    i.HAL_TIM_PWM_PulseFinishedCallback      0x08003aa0   Section        0  stm32f7xx_hal_tim.o(i.HAL_TIM_PWM_PulseFinishedCallback)
    i.HAL_TIM_PeriodElapsedCallback          0x08003aa4   Section        0  main.o(i.HAL_TIM_PeriodElapsedCallback)
    i.HAL_TIM_TriggerCallback                0x08003ab8   Section        0  stm32f7xx_hal_tim.o(i.HAL_TIM_TriggerCallback)
    i.HAL_UART_ErrorCallback                 0x08003aba   Section        0  stm32f7xx_hal_uart.o(i.HAL_UART_ErrorCallback)
    i.HAL_UART_IRQHandler                    0x08003abc   Section        0  stm32f7xx_hal_uart.o(i.HAL_UART_IRQHandler)
    i.HAL_UART_Init                          0x08003be4   Section        0  stm32f7xx_hal_uart.o(i.HAL_UART_Init)
    i.HAL_UART_MspInit                       0x08003c4c   Section        0  stm32f7xx_hal_msp.o(i.HAL_UART_MspInit)
    i.HAL_UART_Receive_IT                    0x08003d58   Section        0  stm32f7xx_hal_uart.o(i.HAL_UART_Receive_IT)
    i.HAL_UART_RxCpltCallback                0x08003e04   Section        0  main.o(i.HAL_UART_RxCpltCallback)
    i.HAL_UART_Transmit_IT                   0x08003e1c   Section        0  stm32f7xx_hal_uart.o(i.HAL_UART_Transmit_IT)
    i.HAL_UART_TxCpltCallback                0x08003e84   Section        0  main.o(i.HAL_UART_TxCpltCallback)
    i.HardFault_Handler                      0x08003eb0   Section        0  stm32f7xx_it.o(i.HardFault_Handler)
    i.LTDC_IRQHandler                        0x08003eb4   Section        0  stm32f7xx_it.o(i.LTDC_IRQHandler)
    i.LTDC_SetConfig                         0x08003ec0   Section        0  stm32f7xx_hal_ltdc.o(i.LTDC_SetConfig)
    LTDC_SetConfig                           0x08003ec1   Thumb Code   464  stm32f7xx_hal_ltdc.o(i.LTDC_SetConfig)
    i.MX_ADC3_Init                           0x08004090   Section        0  main.o(i.MX_ADC3_Init)
    MX_ADC3_Init                             0x08004091   Thumb Code    74  main.o(i.MX_ADC3_Init)
    i.MX_DCMI_Init                           0x080040e8   Section        0  main.o(i.MX_DCMI_Init)
    MX_DCMI_Init                             0x080040e9   Thumb Code    34  main.o(i.MX_DCMI_Init)
    i.MX_FATFS_Init                          0x08004114   Section        0  fatfs.o(i.MX_FATFS_Init)
    i.MX_FMC_Init                            0x08004130   Section        0  main.o(i.MX_FMC_Init)
    MX_FMC_Init                              0x08004131   Thumb Code    88  main.o(i.MX_FMC_Init)
    i.MX_GPIO_Init                           0x08004190   Section        0  main.o(i.MX_GPIO_Init)
    MX_GPIO_Init                             0x08004191   Thumb Code   708  main.o(i.MX_GPIO_Init)
    i.MX_I2C1_Init                           0x08004484   Section        0  main.o(i.MX_I2C1_Init)
    MX_I2C1_Init                             0x08004485   Thumb Code    54  main.o(i.MX_I2C1_Init)
    i.MX_I2C3_Init                           0x080044c8   Section        0  main.o(i.MX_I2C3_Init)
    MX_I2C3_Init                             0x080044c9   Thumb Code    54  main.o(i.MX_I2C3_Init)
    i.MX_LTDC_Init                           0x0800450c   Section        0  main.o(i.MX_LTDC_Init)
    MX_LTDC_Init                             0x0800450d   Thumb Code   146  main.o(i.MX_LTDC_Init)
    i.MX_RTC_Init                            0x080045a8   Section        0  main.o(i.MX_RTC_Init)
    MX_RTC_Init                              0x080045a9   Thumb Code   178  main.o(i.MX_RTC_Init)
    i.MX_SAI2_Init                           0x08004664   Section        0  main.o(i.MX_SAI2_Init)
    MX_SAI2_Init                             0x08004665   Thumb Code   132  main.o(i.MX_SAI2_Init)
    i.MX_SPDIFRX_Init                        0x080046f4   Section        0  main.o(i.MX_SPDIFRX_Init)
    MX_SPDIFRX_Init                          0x080046f5   Thumb Code    34  main.o(i.MX_SPDIFRX_Init)
    i.MX_TIM12_Init                          0x0800471c   Section        0  main.o(i.MX_TIM12_Init)
    MX_TIM12_Init                            0x0800471d   Thumb Code    64  main.o(i.MX_TIM12_Init)
    i.MX_TIM1_Init                           0x08004764   Section        0  main.o(i.MX_TIM1_Init)
    MX_TIM1_Init                             0x08004765   Thumb Code   164  main.o(i.MX_TIM1_Init)
    i.MX_TIM2_Init                           0x08004810   Section        0  main.o(i.MX_TIM2_Init)
    MX_TIM2_Init                             0x08004811   Thumb Code   112  main.o(i.MX_TIM2_Init)
    i.MX_TIM3_Init                           0x08004884   Section        0  main.o(i.MX_TIM3_Init)
    MX_TIM3_Init                             0x08004885   Thumb Code   110  main.o(i.MX_TIM3_Init)
    i.MX_TIM5_Init                           0x080048fc   Section        0  main.o(i.MX_TIM5_Init)
    MX_TIM5_Init                             0x080048fd   Thumb Code   110  main.o(i.MX_TIM5_Init)
    i.MX_TIM8_Init                           0x08004974   Section        0  main.o(i.MX_TIM8_Init)
    MX_TIM8_Init                             0x08004975   Thumb Code    74  main.o(i.MX_TIM8_Init)
    i.MX_USART1_UART_Init                    0x080049c8   Section        0  main.o(i.MX_USART1_UART_Init)
    MX_USART1_UART_Init                      0x080049c9   Thumb Code    40  main.o(i.MX_USART1_UART_Init)
    i.MX_USART6_UART_Init                    0x080049f8   Section        0  main.o(i.MX_USART6_UART_Init)
    MX_USART6_UART_Init                      0x080049f9   Thumb Code    40  main.o(i.MX_USART6_UART_Init)
    i.MemManage_Handler                      0x08004a28   Section        0  stm32f7xx_it.o(i.MemManage_Handler)
    i.NMI_Handler                            0x08004a2a   Section        0  stm32f7xx_it.o(i.NMI_Handler)
    i.PendSV_Handler                         0x08004a2c   Section        0  stm32f7xx_it.o(i.PendSV_Handler)
    i.QSPI_WaitFlagStateUntilTimeout         0x08004a2e   Section        0  stm32f7xx_hal_qspi.o(i.QSPI_WaitFlagStateUntilTimeout)
    QSPI_WaitFlagStateUntilTimeout           0x08004a2f   Thumb Code    72  stm32f7xx_hal_qspi.o(i.QSPI_WaitFlagStateUntilTimeout)
    i.RTC_ByteToBcd2                         0x08004a76   Section        0  stm32f7xx_hal_rtc.o(i.RTC_ByteToBcd2)
    i.RTC_EnterInitMode                      0x08004a8c   Section        0  stm32f7xx_hal_rtc.o(i.RTC_EnterInitMode)
    i.SAI_Disable                            0x08004ac8   Section        0  stm32f7xx_hal_sai.o(i.SAI_Disable)
    SAI_Disable                              0x08004ac9   Thumb Code    60  stm32f7xx_hal_sai.o(i.SAI_Disable)
    i.SDMMC_CmdAppCommand                    0x08004b08   Section        0  stm32f7xx_ll_sdmmc.o(i.SDMMC_CmdAppCommand)
    i.SDMMC_CmdAppOperCommand                0x08004b3c   Section        0  stm32f7xx_ll_sdmmc.o(i.SDMMC_CmdAppOperCommand)
    i.SDMMC_CmdBlockLength                   0x08004b70   Section        0  stm32f7xx_ll_sdmmc.o(i.SDMMC_CmdBlockLength)
    i.SDMMC_CmdBusWidth                      0x08004ba2   Section        0  stm32f7xx_ll_sdmmc.o(i.SDMMC_CmdBusWidth)
    i.SDMMC_CmdGoIdleState                   0x08004bd4   Section        0  stm32f7xx_ll_sdmmc.o(i.SDMMC_CmdGoIdleState)
    i.SDMMC_CmdOperCond                      0x08004c24   Section        0  stm32f7xx_ll_sdmmc.o(i.SDMMC_CmdOperCond)
    i.SDMMC_CmdReadMultiBlock                0x08004c88   Section        0  stm32f7xx_ll_sdmmc.o(i.SDMMC_CmdReadMultiBlock)
    i.SDMMC_CmdReadSingleBlock               0x08004cba   Section        0  stm32f7xx_ll_sdmmc.o(i.SDMMC_CmdReadSingleBlock)
    i.SDMMC_CmdSelDesel                      0x08004cec   Section        0  stm32f7xx_ll_sdmmc.o(i.SDMMC_CmdSelDesel)
    i.SDMMC_CmdSendCID                       0x08004d1c   Section        0  stm32f7xx_ll_sdmmc.o(i.SDMMC_CmdSendCID)
    i.SDMMC_CmdSendCSD                       0x08004d46   Section        0  stm32f7xx_ll_sdmmc.o(i.SDMMC_CmdSendCSD)
    i.SDMMC_CmdSendSCR                       0x08004d74   Section        0  stm32f7xx_ll_sdmmc.o(i.SDMMC_CmdSendSCR)
    i.SDMMC_CmdSendStatus                    0x08004da4   Section        0  stm32f7xx_ll_sdmmc.o(i.SDMMC_CmdSendStatus)
    i.SDMMC_CmdSetRelAdd                     0x08004dd6   Section        0  stm32f7xx_ll_sdmmc.o(i.SDMMC_CmdSetRelAdd)
    i.SDMMC_CmdStopTransfer                  0x08004e08   Section        0  stm32f7xx_ll_sdmmc.o(i.SDMMC_CmdStopTransfer)
    i.SDMMC_CmdWriteMultiBlock               0x08004e3c   Section        0  stm32f7xx_ll_sdmmc.o(i.SDMMC_CmdWriteMultiBlock)
    i.SDMMC_CmdWriteSingleBlock              0x08004e6e   Section        0  stm32f7xx_ll_sdmmc.o(i.SDMMC_CmdWriteSingleBlock)
    i.SDMMC_ConfigData                       0x08004ea0   Section        0  stm32f7xx_ll_sdmmc.o(i.SDMMC_ConfigData)
    i.SDMMC_GetCmdResp1                      0x08004ec8   Section        0  stm32f7xx_ll_sdmmc.o(i.SDMMC_GetCmdResp1)
    SDMMC_GetCmdResp1                        0x08004ec9   Thumb Code   276  stm32f7xx_ll_sdmmc.o(i.SDMMC_GetCmdResp1)
    i.SDMMC_GetCmdResp2                      0x08004fe4   Section        0  stm32f7xx_ll_sdmmc.o(i.SDMMC_GetCmdResp2)
    SDMMC_GetCmdResp2                        0x08004fe5   Thumb Code    74  stm32f7xx_ll_sdmmc.o(i.SDMMC_GetCmdResp2)
    i.SDMMC_GetCmdResp3                      0x08005034   Section        0  stm32f7xx_ll_sdmmc.o(i.SDMMC_GetCmdResp3)
    SDMMC_GetCmdResp3                        0x08005035   Thumb Code    60  stm32f7xx_ll_sdmmc.o(i.SDMMC_GetCmdResp3)
    i.SDMMC_GetCmdResp6                      0x08005074   Section        0  stm32f7xx_ll_sdmmc.o(i.SDMMC_GetCmdResp6)
    SDMMC_GetCmdResp6                        0x08005075   Thumb Code   128  stm32f7xx_ll_sdmmc.o(i.SDMMC_GetCmdResp6)
    i.SDMMC_GetPowerState                    0x080050f8   Section        0  stm32f7xx_ll_sdmmc.o(i.SDMMC_GetPowerState)
    i.SDMMC_GetResponse                      0x08005100   Section        0  stm32f7xx_ll_sdmmc.o(i.SDMMC_GetResponse)
    i.SDMMC_Init                             0x0800510c   Section        0  stm32f7xx_ll_sdmmc.o(i.SDMMC_Init)
    i.SDMMC_PowerState_ON                    0x0800512e   Section        0  stm32f7xx_ll_sdmmc.o(i.SDMMC_PowerState_ON)
    i.SDMMC_ReadFIFO                         0x08005136   Section        0  stm32f7xx_ll_sdmmc.o(i.SDMMC_ReadFIFO)
    i.SDMMC_SendCommand                      0x0800513c   Section        0  stm32f7xx_ll_sdmmc.o(i.SDMMC_SendCommand)
    i.SDMMC_WriteFIFO                        0x0800515e   Section        0  stm32f7xx_ll_sdmmc.o(i.SDMMC_WriteFIFO)
    i.SD_CheckStatus                         0x08005168   Section        0  sd_diskio.o(i.SD_CheckStatus)
    SD_CheckStatus                           0x08005169   Thumb Code    26  sd_diskio.o(i.SD_CheckStatus)
    i.SD_FindSCR                             0x08005188   Section        0  stm32f7xx_hal_sd.o(i.SD_FindSCR)
    SD_FindSCR                               0x08005189   Thumb Code   214  stm32f7xx_hal_sd.o(i.SD_FindSCR)
    i.SD_InitCard                            0x0800525e   Section        0  stm32f7xx_hal_sd.o(i.SD_InitCard)
    SD_InitCard                              0x0800525f   Thumb Code   230  stm32f7xx_hal_sd.o(i.SD_InitCard)
    i.SD_PowerON                             0x08005344   Section        0  stm32f7xx_hal_sd.o(i.SD_PowerON)
    SD_PowerON                               0x08005345   Thumb Code   166  stm32f7xx_hal_sd.o(i.SD_PowerON)
    i.SD_WideBus_Disable                     0x080053ea   Section        0  stm32f7xx_hal_sd.o(i.SD_WideBus_Disable)
    SD_WideBus_Disable                       0x080053eb   Thumb Code    78  stm32f7xx_hal_sd.o(i.SD_WideBus_Disable)
    i.SD_WideBus_Enable                      0x08005438   Section        0  stm32f7xx_hal_sd.o(i.SD_WideBus_Enable)
    SD_WideBus_Enable                        0x08005439   Thumb Code    78  stm32f7xx_hal_sd.o(i.SD_WideBus_Enable)
    i.SD_initialize                          0x08005488   Section        0  sd_diskio.o(i.SD_initialize)
    i.SD_ioctl                               0x080054a8   Section        0  sd_diskio.o(i.SD_ioctl)
    i.SD_read                                0x08005500   Section        0  sd_diskio.o(i.SD_read)
    i.SD_status                              0x08005526   Section        0  sd_diskio.o(i.SD_status)
    i.SD_write                               0x0800552c   Section        0  sd_diskio.o(i.SD_write)
    i.SVC_Handler                            0x08005552   Section        0  stm32f7xx_it.o(i.SVC_Handler)
    i.SystemClock_Config                     0x08005554   Section        0  main.o(i.SystemClock_Config)
    i.SystemInit                             0x08005628   Section        0  system_stm32f7xx.o(i.SystemInit)
    i.TIM6_DAC_IRQHandler                    0x0800567c   Section        0  stm32f7xx_it.o(i.TIM6_DAC_IRQHandler)
    i.TIM_Base_SetConfig                     0x08005688   Section        0  stm32f7xx_hal_tim.o(i.TIM_Base_SetConfig)
    i.TIM_ETR_SetConfig                      0x08005754   Section        0  stm32f7xx_hal_tim.o(i.TIM_ETR_SetConfig)
    i.TIM_ITRx_SetConfig                     0x08005766   Section        0  stm32f7xx_hal_tim.o(i.TIM_ITRx_SetConfig)
    TIM_ITRx_SetConfig                       0x08005767   Thumb Code    16  stm32f7xx_hal_tim.o(i.TIM_ITRx_SetConfig)
    i.TIM_OC1_SetConfig                      0x08005778   Section        0  stm32f7xx_hal_tim.o(i.TIM_OC1_SetConfig)
    TIM_OC1_SetConfig                        0x08005779   Thumb Code   102  stm32f7xx_hal_tim.o(i.TIM_OC1_SetConfig)
    i.TIM_OC2_SetConfig                      0x080057ec   Section        0  stm32f7xx_hal_tim.o(i.TIM_OC2_SetConfig)
    i.TIM_OC3_SetConfig                      0x08005864   Section        0  stm32f7xx_hal_tim.o(i.TIM_OC3_SetConfig)
    TIM_OC3_SetConfig                        0x08005865   Thumb Code   108  stm32f7xx_hal_tim.o(i.TIM_OC3_SetConfig)
    i.TIM_OC4_SetConfig                      0x080058dc   Section        0  stm32f7xx_hal_tim.o(i.TIM_OC4_SetConfig)
    TIM_OC4_SetConfig                        0x080058dd   Thumb Code    76  stm32f7xx_hal_tim.o(i.TIM_OC4_SetConfig)
    i.TIM_OC5_SetConfig                      0x08005934   Section        0  stm32f7xx_hal_tim.o(i.TIM_OC5_SetConfig)
    TIM_OC5_SetConfig                        0x08005935   Thumb Code    74  stm32f7xx_hal_tim.o(i.TIM_OC5_SetConfig)
    i.TIM_OC6_SetConfig                      0x0800598c   Section        0  stm32f7xx_hal_tim.o(i.TIM_OC6_SetConfig)
    TIM_OC6_SetConfig                        0x0800598d   Thumb Code    74  stm32f7xx_hal_tim.o(i.TIM_OC6_SetConfig)
    i.TIM_TI1_ConfigInputStage               0x080059e4   Section        0  stm32f7xx_hal_tim.o(i.TIM_TI1_ConfigInputStage)
    TIM_TI1_ConfigInputStage                 0x080059e5   Thumb Code    34  stm32f7xx_hal_tim.o(i.TIM_TI1_ConfigInputStage)
    i.TIM_TI2_ConfigInputStage               0x08005a06   Section        0  stm32f7xx_hal_tim.o(i.TIM_TI2_ConfigInputStage)
    TIM_TI2_ConfigInputStage                 0x08005a07   Thumb Code    36  stm32f7xx_hal_tim.o(i.TIM_TI2_ConfigInputStage)
    i.UART_AdvFeatureConfig                  0x08005a2a   Section        0  stm32f7xx_hal_uart.o(i.UART_AdvFeatureConfig)
    i.UART_CheckIdleState                    0x08005af2   Section        0  stm32f7xx_hal_uart.o(i.UART_CheckIdleState)
    i.UART_DMAAbortOnError                   0x08005b2e   Section        0  stm32f7xx_hal_uart.o(i.UART_DMAAbortOnError)
    UART_DMAAbortOnError                     0x08005b2f   Thumb Code    20  stm32f7xx_hal_uart.o(i.UART_DMAAbortOnError)
    i.UART_EndRxTransfer                     0x08005b42   Section        0  stm32f7xx_hal_uart.o(i.UART_EndRxTransfer)
    UART_EndRxTransfer                       0x08005b43   Thumb Code    32  stm32f7xx_hal_uart.o(i.UART_EndRxTransfer)
    i.UART_RxISR_16BIT                       0x08005b62   Section        0  stm32f7xx_hal_uart.o(i.UART_RxISR_16BIT)
    UART_RxISR_16BIT                         0x08005b63   Thumb Code    90  stm32f7xx_hal_uart.o(i.UART_RxISR_16BIT)
    i.UART_RxISR_8BIT                        0x08005bbc   Section        0  stm32f7xx_hal_uart.o(i.UART_RxISR_8BIT)
    UART_RxISR_8BIT                          0x08005bbd   Thumb Code    90  stm32f7xx_hal_uart.o(i.UART_RxISR_8BIT)
    i.UART_SetConfig                         0x08005c18   Section        0  stm32f7xx_hal_uart.o(i.UART_SetConfig)
    i.UART_TxISR_16BIT                       0x08005e6c   Section        0  stm32f7xx_hal_uart.o(i.UART_TxISR_16BIT)
    UART_TxISR_16BIT                         0x08005e6d   Thumb Code    64  stm32f7xx_hal_uart.o(i.UART_TxISR_16BIT)
    i.UART_TxISR_8BIT                        0x08005eac   Section        0  stm32f7xx_hal_uart.o(i.UART_TxISR_8BIT)
    UART_TxISR_8BIT                          0x08005ead   Thumb Code    60  stm32f7xx_hal_uart.o(i.UART_TxISR_8BIT)
    i.UART_WaitOnFlagUntilTimeout            0x08005ee8   Section        0  stm32f7xx_hal_uart.o(i.UART_WaitOnFlagUntilTimeout)
    i.USART1_IRQHandler                      0x08005f48   Section        0  stm32f7xx_it.o(i.USART1_IRQHandler)
    i.USART6_IRQHandler                      0x08005f54   Section        0  stm32f7xx_it.o(i.USART6_IRQHandler)
    i.UsageFault_Handler                     0x08005f60   Section        0  stm32f7xx_it.o(i.UsageFault_Handler)
    i.__NVIC_SetPriority                     0x08005f62   Section        0  stm32f7xx_hal_cortex.o(i.__NVIC_SetPriority)
    __NVIC_SetPriority                       0x08005f63   Thumb Code    34  stm32f7xx_hal_cortex.o(i.__NVIC_SetPriority)
    i.__scatterload_copy                     0x08005f84   Section       14  handlers.o(i.__scatterload_copy)
    i.__scatterload_null                     0x08005f92   Section        2  handlers.o(i.__scatterload_null)
    i.__scatterload_zeroinit                 0x08005f94   Section       14  handlers.o(i.__scatterload_zeroinit)
    i.main                                   0x08005fa4   Section        0  main.o(i.main)
    .constdata                               0x0800609c   Section       20  sd_diskio.o(.constdata)
    .constdata                               0x080060b0   Section       16  system_stm32f7xx.o(.constdata)
    .constdata                               0x080060c0   Section        8  system_stm32f7xx.o(.constdata)
    .data                                    0x20000000   Section        1  sd_diskio.o(.data)
    Stat                                     0x20000000   Data           1  sd_diskio.o(.data)
    .data                                    0x20000001   Section        5  fatfs.o(.data)
    .data                                    0x20000008   Section       12  stm32f7xx_hal_msp.o(.data)
    FMC_Initialized                          0x20000008   Data           4  stm32f7xx_hal_msp.o(.data)
    FMC_DeInitialized                        0x2000000c   Data           4  stm32f7xx_hal_msp.o(.data)
    SAI2_client                              0x20000010   Data           4  stm32f7xx_hal_msp.o(.data)
    .data                                    0x20000014   Section       12  stm32f7xx_hal.o(.data)
    .data                                    0x20000020   Section        4  system_stm32f7xx.o(.data)
    .bss                                     0x20000024   Section     1856  main.o(.bss)
    .bss                                     0x20000764   Section       64  stm32f7xx_hal_timebase_tim.o(.bss)
    .bss                                     0x200007a4   Section       12  ff_gen_drv.o(.bss)
    STACK                                    0x200007b0   Section     1024  startup_stm32f746xx.o(STACK)

    Global Symbols

    Symbol Name                              Value     Ov Type        Size  Object(Section)

    BuildAttributes$$THM_ISAv4$E$P$D$K$B$S$7EM$VFPi5$EXTD16$VFPS$VFMA$PE$PLD8$A:L22UL41UL21$X:L11$S22US41US21$IEEE1$IW$USESV6$~STKCKD$USESV7$~SHL$OSPACE$EBA8$MICROLIB$REQ8$PRES8$EABIv2 0x00000000   Number         0  anon$$obj.o ABSOLUTE
    __ARM_use_no_argv                        0x00000000   Number         0  main.o ABSOLUTE
    __cpp_initialize__aeabi_                  - Undefined Weak Reference
    __cxa_finalize                            - Undefined Weak Reference
    __decompress                              - Undefined Weak Reference
    _clock_init                               - Undefined Weak Reference
    _microlib_exit                            - Undefined Weak Reference
    __Vectors_Size                           0x000001c8   Number         0  startup_stm32f746xx.o ABSOLUTE
    __Vectors                                0x08000000   Data           4  startup_stm32f746xx.o(RESET)
    __Vectors_End                            0x080001c8   Data           0  startup_stm32f746xx.o(RESET)
    __main                                   0x080001c9   Thumb Code     0  entry.o(.ARM.Collect$$$$00000000)
    _main_stk                                0x080001c9   Thumb Code     0  entry2.o(.ARM.Collect$$$$00000001)
    _main_scatterload                        0x080001cd   Thumb Code     0  entry5.o(.ARM.Collect$$$$00000004)
    __main_after_scatterload                 0x080001d1   Thumb Code     0  entry5.o(.ARM.Collect$$$$00000004)
    _main_clock                              0x080001d1   Thumb Code     0  entry7b.o(.ARM.Collect$$$$00000008)
    _main_cpp_init                           0x080001d1   Thumb Code     0  entry8b.o(.ARM.Collect$$$$0000000A)
    _main_init                               0x080001d1   Thumb Code     0  entry9a.o(.ARM.Collect$$$$0000000B)
    __rt_final_cpp                           0x080001d9   Thumb Code     0  entry10a.o(.ARM.Collect$$$$0000000D)
    __rt_final_exit                          0x080001d9   Thumb Code     0  entry11a.o(.ARM.Collect$$$$0000000F)
    Reset_Handler                            0x080001dd   Thumb Code     8  startup_stm32f746xx.o(.text)
    SysTick_Handler                          0x080001f5   Thumb Code     2  startup_stm32f746xx.o(.text)
    ADC_IRQHandler                           0x080001f7   Thumb Code     0  startup_stm32f746xx.o(.text)
    CAN1_RX0_IRQHandler                      0x080001f7   Thumb Code     0  startup_stm32f746xx.o(.text)
    CAN1_RX1_IRQHandler                      0x080001f7   Thumb Code     0  startup_stm32f746xx.o(.text)
    CAN1_SCE_IRQHandler                      0x080001f7   Thumb Code     0  startup_stm32f746xx.o(.text)
    CAN1_TX_IRQHandler                       0x080001f7   Thumb Code     0  startup_stm32f746xx.o(.text)
    CAN2_RX0_IRQHandler                      0x080001f7   Thumb Code     0  startup_stm32f746xx.o(.text)
    CAN2_RX1_IRQHandler                      0x080001f7   Thumb Code     0  startup_stm32f746xx.o(.text)
    CAN2_SCE_IRQHandler                      0x080001f7   Thumb Code     0  startup_stm32f746xx.o(.text)
    CAN2_TX_IRQHandler                       0x080001f7   Thumb Code     0  startup_stm32f746xx.o(.text)
    CEC_IRQHandler                           0x080001f7   Thumb Code     0  startup_stm32f746xx.o(.text)
    DCMI_IRQHandler                          0x080001f7   Thumb Code     0  startup_stm32f746xx.o(.text)
    DMA1_Stream0_IRQHandler                  0x080001f7   Thumb Code     0  startup_stm32f746xx.o(.text)
    DMA1_Stream1_IRQHandler                  0x080001f7   Thumb Code     0  startup_stm32f746xx.o(.text)
    DMA1_Stream2_IRQHandler                  0x080001f7   Thumb Code     0  startup_stm32f746xx.o(.text)
    DMA1_Stream3_IRQHandler                  0x080001f7   Thumb Code     0  startup_stm32f746xx.o(.text)
    DMA1_Stream4_IRQHandler                  0x080001f7   Thumb Code     0  startup_stm32f746xx.o(.text)
    DMA1_Stream5_IRQHandler                  0x080001f7   Thumb Code     0  startup_stm32f746xx.o(.text)
    DMA1_Stream6_IRQHandler                  0x080001f7   Thumb Code     0  startup_stm32f746xx.o(.text)
    DMA1_Stream7_IRQHandler                  0x080001f7   Thumb Code     0  startup_stm32f746xx.o(.text)
    DMA2_Stream0_IRQHandler                  0x080001f7   Thumb Code     0  startup_stm32f746xx.o(.text)
    DMA2_Stream1_IRQHandler                  0x080001f7   Thumb Code     0  startup_stm32f746xx.o(.text)
    DMA2_Stream2_IRQHandler                  0x080001f7   Thumb Code     0  startup_stm32f746xx.o(.text)
    DMA2_Stream3_IRQHandler                  0x080001f7   Thumb Code     0  startup_stm32f746xx.o(.text)
    DMA2_Stream4_IRQHandler                  0x080001f7   Thumb Code     0  startup_stm32f746xx.o(.text)
    DMA2_Stream5_IRQHandler                  0x080001f7   Thumb Code     0  startup_stm32f746xx.o(.text)
    DMA2_Stream6_IRQHandler                  0x080001f7   Thumb Code     0  startup_stm32f746xx.o(.text)
    DMA2_Stream7_IRQHandler                  0x080001f7   Thumb Code     0  startup_stm32f746xx.o(.text)
    ETH_IRQHandler                           0x080001f7   Thumb Code     0  startup_stm32f746xx.o(.text)
    ETH_WKUP_IRQHandler                      0x080001f7   Thumb Code     0  startup_stm32f746xx.o(.text)
    EXTI0_IRQHandler                         0x080001f7   Thumb Code     0  startup_stm32f746xx.o(.text)
    EXTI15_10_IRQHandler                     0x080001f7   Thumb Code     0  startup_stm32f746xx.o(.text)
    EXTI1_IRQHandler                         0x080001f7   Thumb Code     0  startup_stm32f746xx.o(.text)
    EXTI2_IRQHandler                         0x080001f7   Thumb Code     0  startup_stm32f746xx.o(.text)
    EXTI3_IRQHandler                         0x080001f7   Thumb Code     0  startup_stm32f746xx.o(.text)
    EXTI4_IRQHandler                         0x080001f7   Thumb Code     0  startup_stm32f746xx.o(.text)
    EXTI9_5_IRQHandler                       0x080001f7   Thumb Code     0  startup_stm32f746xx.o(.text)
    FLASH_IRQHandler                         0x080001f7   Thumb Code     0  startup_stm32f746xx.o(.text)
    FMC_IRQHandler                           0x080001f7   Thumb Code     0  startup_stm32f746xx.o(.text)
    FPU_IRQHandler                           0x080001f7   Thumb Code     0  startup_stm32f746xx.o(.text)
    I2C1_ER_IRQHandler                       0x080001f7   Thumb Code     0  startup_stm32f746xx.o(.text)
    I2C1_EV_IRQHandler                       0x080001f7   Thumb Code     0  startup_stm32f746xx.o(.text)
    I2C2_ER_IRQHandler                       0x080001f7   Thumb Code     0  startup_stm32f746xx.o(.text)
    I2C2_EV_IRQHandler                       0x080001f7   Thumb Code     0  startup_stm32f746xx.o(.text)
    I2C3_ER_IRQHandler                       0x080001f7   Thumb Code     0  startup_stm32f746xx.o(.text)
    I2C3_EV_IRQHandler                       0x080001f7   Thumb Code     0  startup_stm32f746xx.o(.text)
    I2C4_ER_IRQHandler                       0x080001f7   Thumb Code     0  startup_stm32f746xx.o(.text)
    I2C4_EV_IRQHandler                       0x080001f7   Thumb Code     0  startup_stm32f746xx.o(.text)
    LPTIM1_IRQHandler                        0x080001f7   Thumb Code     0  startup_stm32f746xx.o(.text)
    LTDC_ER_IRQHandler                       0x080001f7   Thumb Code     0  startup_stm32f746xx.o(.text)
    OTG_FS_IRQHandler                        0x080001f7   Thumb Code     0  startup_stm32f746xx.o(.text)
    OTG_FS_WKUP_IRQHandler                   0x080001f7   Thumb Code     0  startup_stm32f746xx.o(.text)
    OTG_HS_EP1_IN_IRQHandler                 0x080001f7   Thumb Code     0  startup_stm32f746xx.o(.text)
    OTG_HS_EP1_OUT_IRQHandler                0x080001f7   Thumb Code     0  startup_stm32f746xx.o(.text)
    OTG_HS_IRQHandler                        0x080001f7   Thumb Code     0  startup_stm32f746xx.o(.text)
    OTG_HS_WKUP_IRQHandler                   0x080001f7   Thumb Code     0  startup_stm32f746xx.o(.text)
    PVD_IRQHandler                           0x080001f7   Thumb Code     0  startup_stm32f746xx.o(.text)
    QUADSPI_IRQHandler                       0x080001f7   Thumb Code     0  startup_stm32f746xx.o(.text)
    RCC_IRQHandler                           0x080001f7   Thumb Code     0  startup_stm32f746xx.o(.text)
    RNG_IRQHandler                           0x080001f7   Thumb Code     0  startup_stm32f746xx.o(.text)
    RTC_Alarm_IRQHandler                     0x080001f7   Thumb Code     0  startup_stm32f746xx.o(.text)
    RTC_WKUP_IRQHandler                      0x080001f7   Thumb Code     0  startup_stm32f746xx.o(.text)
    SAI1_IRQHandler                          0x080001f7   Thumb Code     0  startup_stm32f746xx.o(.text)
    SAI2_IRQHandler                          0x080001f7   Thumb Code     0  startup_stm32f746xx.o(.text)
    SDMMC1_IRQHandler                        0x080001f7   Thumb Code     0  startup_stm32f746xx.o(.text)
    SPDIF_RX_IRQHandler                      0x080001f7   Thumb Code     0  startup_stm32f746xx.o(.text)
    SPI1_IRQHandler                          0x080001f7   Thumb Code     0  startup_stm32f746xx.o(.text)
    SPI2_IRQHandler                          0x080001f7   Thumb Code     0  startup_stm32f746xx.o(.text)
    SPI3_IRQHandler                          0x080001f7   Thumb Code     0  startup_stm32f746xx.o(.text)
    SPI4_IRQHandler                          0x080001f7   Thumb Code     0  startup_stm32f746xx.o(.text)
    SPI5_IRQHandler                          0x080001f7   Thumb Code     0  startup_stm32f746xx.o(.text)
    SPI6_IRQHandler                          0x080001f7   Thumb Code     0  startup_stm32f746xx.o(.text)
    TAMP_STAMP_IRQHandler                    0x080001f7   Thumb Code     0  startup_stm32f746xx.o(.text)
    TIM1_BRK_TIM9_IRQHandler                 0x080001f7   Thumb Code     0  startup_stm32f746xx.o(.text)
    TIM1_CC_IRQHandler                       0x080001f7   Thumb Code     0  startup_stm32f746xx.o(.text)
    TIM1_TRG_COM_TIM11_IRQHandler            0x080001f7   Thumb Code     0  startup_stm32f746xx.o(.text)
    TIM1_UP_TIM10_IRQHandler                 0x080001f7   Thumb Code     0  startup_stm32f746xx.o(.text)
    TIM2_IRQHandler                          0x080001f7   Thumb Code     0  startup_stm32f746xx.o(.text)
    TIM3_IRQHandler                          0x080001f7   Thumb Code     0  startup_stm32f746xx.o(.text)
    TIM4_IRQHandler                          0x080001f7   Thumb Code     0  startup_stm32f746xx.o(.text)
    TIM5_IRQHandler                          0x080001f7   Thumb Code     0  startup_stm32f746xx.o(.text)
    TIM7_IRQHandler                          0x080001f7   Thumb Code     0  startup_stm32f746xx.o(.text)
    TIM8_BRK_TIM12_IRQHandler                0x080001f7   Thumb Code     0  startup_stm32f746xx.o(.text)
    TIM8_CC_IRQHandler                       0x080001f7   Thumb Code     0  startup_stm32f746xx.o(.text)
    TIM8_TRG_COM_TIM14_IRQHandler            0x080001f7   Thumb Code     0  startup_stm32f746xx.o(.text)
    TIM8_UP_TIM13_IRQHandler                 0x080001f7   Thumb Code     0  startup_stm32f746xx.o(.text)
    UART4_IRQHandler                         0x080001f7   Thumb Code     0  startup_stm32f746xx.o(.text)
    UART5_IRQHandler                         0x080001f7   Thumb Code     0  startup_stm32f746xx.o(.text)
    UART7_IRQHandler                         0x080001f7   Thumb Code     0  startup_stm32f746xx.o(.text)
    UART8_IRQHandler                         0x080001f7   Thumb Code     0  startup_stm32f746xx.o(.text)
    USART2_IRQHandler                        0x080001f7   Thumb Code     0  startup_stm32f746xx.o(.text)
    USART3_IRQHandler                        0x080001f7   Thumb Code     0  startup_stm32f746xx.o(.text)
    WWDG_IRQHandler                          0x080001f7   Thumb Code     0  startup_stm32f746xx.o(.text)
    __aeabi_uldivmod                         0x08000201   Thumb Code    98  uldiv.o(.text)
    __aeabi_memcpy                           0x08000263   Thumb Code    36  memcpya.o(.text)
    __aeabi_memcpy4                          0x08000263   Thumb Code     0  memcpya.o(.text)
    __aeabi_memcpy8                          0x08000263   Thumb Code     0  memcpya.o(.text)
    __aeabi_memset                           0x08000287   Thumb Code    14  memseta.o(.text)
    __aeabi_memset4                          0x08000287   Thumb Code     0  memseta.o(.text)
    __aeabi_memset8                          0x08000287   Thumb Code     0  memseta.o(.text)
    __aeabi_memclr                           0x08000295   Thumb Code     4  memseta.o(.text)
    __aeabi_memclr4                          0x08000295   Thumb Code     0  memseta.o(.text)
    __aeabi_memclr8                          0x08000295   Thumb Code     0  memseta.o(.text)
    _memset$wrapper                          0x08000299   Thumb Code    18  memseta.o(.text)
    __aeabi_llsl                             0x080002ab   Thumb Code    30  llshl.o(.text)
    _ll_shift_l                              0x080002ab   Thumb Code     0  llshl.o(.text)
    __aeabi_llsr                             0x080002c9   Thumb Code    32  llushr.o(.text)
    _ll_ushift_r                             0x080002c9   Thumb Code     0  llushr.o(.text)
    __scatterload                            0x080002e9   Thumb Code    28  init.o(.text)
    __scatterload_rt2                        0x080002e9   Thumb Code     0  init.o(.text)
    BSP_PlatformIsDetected                   0x08000445   Thumb Code    20  fatfs_platform.o(i.BSP_PlatformIsDetected)
    BSP_SD_GetCardInfo                       0x0800045d   Thumb Code     8  bsp_driver_sd.o(i.BSP_SD_GetCardInfo)
    BSP_SD_GetCardState                      0x08000469   Thumb Code    20  bsp_driver_sd.o(i.BSP_SD_GetCardState)
    BSP_SD_Init                              0x08000481   Thumb Code    42  bsp_driver_sd.o(i.BSP_SD_Init)
    BSP_SD_IsDetected                        0x080004b1   Thumb Code    26  bsp_driver_sd.o(i.BSP_SD_IsDetected)
    BSP_SD_ReadBlocks                        0x080004cd   Thumb Code    26  bsp_driver_sd.o(i.BSP_SD_ReadBlocks)
    BSP_SD_WriteBlocks                       0x080004ed   Thumb Code    26  bsp_driver_sd.o(i.BSP_SD_WriteBlocks)
    BusFault_Handler                         0x0800050d   Thumb Code     2  stm32f7xx_it.o(i.BusFault_Handler)
    DMA2D_IRQHandler                         0x08000511   Thumb Code     6  stm32f7xx_it.o(i.DMA2D_IRQHandler)
    DebugMon_Handler                         0x0800051d   Thumb Code     2  stm32f7xx_it.o(i.DebugMon_Handler)
    FATFS_LinkDriver                         0x0800051f   Thumb Code     6  ff_gen_drv.o(i.FATFS_LinkDriver)
    FATFS_LinkDriverEx                       0x08000525   Thumb Code    58  ff_gen_drv.o(i.FATFS_LinkDriverEx)
    FMC_SDRAM_Init                           0x08000565   Thumb Code    94  stm32f7xx_ll_fmc.o(i.FMC_SDRAM_Init)
    FMC_SDRAM_Timing_Init                    0x080005c5   Thumb Code   134  stm32f7xx_ll_fmc.o(i.FMC_SDRAM_Timing_Init)
    HAL_ADC_ConfigChannel                    0x08000651   Thumb Code   338  stm32f7xx_hal_adc.o(i.HAL_ADC_ConfigChannel)
    HAL_ADC_Init                             0x080007b5   Thumb Code    84  stm32f7xx_hal_adc.o(i.HAL_ADC_Init)
    HAL_ADC_MspInit                          0x08000809   Thumb Code   118  stm32f7xx_hal_msp.o(i.HAL_ADC_MspInit)
    HAL_CRCEx_Polynomial_Set                 0x08000891   Thumb Code    78  stm32f7xx_hal_crc_ex.o(i.HAL_CRCEx_Polynomial_Set)
    HAL_CRC_Init                             0x080008e1   Thumb Code   114  stm32f7xx_hal_crc.o(i.HAL_CRC_Init)
    HAL_CRC_MspInit                          0x08000959   Thumb Code    30  stm32f7xx_hal_msp.o(i.HAL_CRC_MspInit)
    HAL_DCMI_Init                            0x08000981   Thumb Code   134  stm32f7xx_hal_dcmi.o(i.HAL_DCMI_Init)
    HAL_DCMI_MspInit                         0x08000a0d   Thumb Code   236  stm32f7xx_hal_msp.o(i.HAL_DCMI_MspInit)
    HAL_DMA2D_CLUTLoadingCpltCallback        0x08000b15   Thumb Code     2  stm32f7xx_hal_dma2d.o(i.HAL_DMA2D_CLUTLoadingCpltCallback)
    HAL_DMA2D_ConfigLayer                    0x08000b19   Thumb Code   156  stm32f7xx_hal_dma2d.o(i.HAL_DMA2D_ConfigLayer)
    HAL_DMA2D_IRQHandler                     0x08000bb9   Thumb Code   284  stm32f7xx_hal_dma2d.o(i.HAL_DMA2D_IRQHandler)
    HAL_DMA2D_Init                           0x08000cd5   Thumb Code    90  stm32f7xx_hal_dma2d.o(i.HAL_DMA2D_Init)
    HAL_DMA2D_LineEventCallback              0x08000d2f   Thumb Code     2  stm32f7xx_hal_dma2d.o(i.HAL_DMA2D_LineEventCallback)
    HAL_DMA2D_MspInit                        0x08000d31   Thumb Code    50  stm32f7xx_hal_msp.o(i.HAL_DMA2D_MspInit)
    HAL_DMA_Abort_IT                         0x08000d6d   Thumb Code    36  stm32f7xx_hal_dma.o(i.HAL_DMA_Abort_IT)
    HAL_Delay                                0x08000d91   Thumb Code    32  stm32f7xx_hal.o(i.HAL_Delay)
    HAL_GPIO_Init                            0x08000e69   Thumb Code   418  stm32f7xx_hal_gpio.o(i.HAL_GPIO_Init)
    HAL_GPIO_ReadPin                         0x08001041   Thumb Code    10  stm32f7xx_hal_gpio.o(i.HAL_GPIO_ReadPin)
    HAL_GPIO_TogglePin                       0x0800104b   Thumb Code    14  stm32f7xx_hal_gpio.o(i.HAL_GPIO_TogglePin)
    HAL_GPIO_WritePin                        0x08001059   Thumb Code    10  stm32f7xx_hal_gpio.o(i.HAL_GPIO_WritePin)
    HAL_GetTick                              0x08001065   Thumb Code     6  stm32f7xx_hal.o(i.HAL_GetTick)
    HAL_I2CEx_ConfigAnalogFilter             0x08001071   Thumb Code    88  stm32f7xx_hal_i2c_ex.o(i.HAL_I2CEx_ConfigAnalogFilter)
    HAL_I2CEx_ConfigDigitalFilter            0x080010c9   Thumb Code    84  stm32f7xx_hal_i2c_ex.o(i.HAL_I2CEx_ConfigDigitalFilter)
    HAL_I2C_Init                             0x0800111d   Thumb Code   180  stm32f7xx_hal_i2c.o(i.HAL_I2C_Init)
    HAL_I2C_MspInit                          0x080011d5   Thumb Code   156  stm32f7xx_hal_msp.o(i.HAL_I2C_MspInit)
    HAL_IncTick                              0x08001285   Thumb Code    12  stm32f7xx_hal.o(i.HAL_IncTick)
    HAL_Init                                 0x08001295   Thumb Code    22  stm32f7xx_hal.o(i.HAL_Init)
    HAL_InitTick                             0x080012ad   Thumb Code   100  stm32f7xx_hal_timebase_tim.o(i.HAL_InitTick)
    HAL_LTDC_ConfigLayer                     0x08001321   Thumb Code    82  stm32f7xx_hal_ltdc.o(i.HAL_LTDC_ConfigLayer)
    HAL_LTDC_ErrorCallback                   0x08001373   Thumb Code     2  stm32f7xx_hal_ltdc.o(i.HAL_LTDC_ErrorCallback)
    HAL_LTDC_IRQHandler                      0x08001375   Thumb Code   200  stm32f7xx_hal_ltdc.o(i.HAL_LTDC_IRQHandler)
    HAL_LTDC_Init                            0x0800143d   Thumb Code   242  stm32f7xx_hal_ltdc.o(i.HAL_LTDC_Init)
    HAL_LTDC_LineEventCallback               0x08001535   Thumb Code     2  stm32f7xx_hal_ltdc.o(i.HAL_LTDC_LineEventCallback)
    HAL_LTDC_MspInit                         0x08001539   Thumb Code   256  stm32f7xx_hal_msp.o(i.HAL_LTDC_MspInit)
    HAL_LTDC_ReloadEventCallback             0x08001655   Thumb Code     2  stm32f7xx_hal_ltdc.o(i.HAL_LTDC_ReloadEventCallback)
    HAL_MspInit                              0x08001659   Thumb Code    42  stm32f7xx_hal_msp.o(i.HAL_MspInit)
    HAL_NVIC_EnableIRQ                       0x08001689   Thumb Code    26  stm32f7xx_hal_cortex.o(i.HAL_NVIC_EnableIRQ)
    HAL_NVIC_SetPriority                     0x080016a5   Thumb Code    60  stm32f7xx_hal_cortex.o(i.HAL_NVIC_SetPriority)
    HAL_NVIC_SetPriorityGrouping             0x080016e5   Thumb Code    28  stm32f7xx_hal_cortex.o(i.HAL_NVIC_SetPriorityGrouping)
    HAL_PWREx_EnableOverDrive                0x08001709   Thumb Code   100  stm32f7xx_hal_pwr_ex.o(i.HAL_PWREx_EnableOverDrive)
    HAL_PWR_EnableBkUpAccess                 0x08001775   Thumb Code    12  stm32f7xx_hal_pwr.o(i.HAL_PWR_EnableBkUpAccess)
    HAL_QSPI_Init                            0x08001785   Thumb Code   184  stm32f7xx_hal_qspi.o(i.HAL_QSPI_Init)
    HAL_QSPI_MspInit                         0x08001845   Thumb Code   190  stm32f7xx_hal_msp.o(i.HAL_QSPI_MspInit)
    HAL_RCCEx_GetPeriphCLKFreq               0x08001919   Thumb Code   268  stm32f7xx_hal_rcc_ex.o(i.HAL_RCCEx_GetPeriphCLKFreq)
    HAL_RCCEx_PeriphCLKConfig                0x08001a39   Thumb Code  1276  stm32f7xx_hal_rcc_ex.o(i.HAL_RCCEx_PeriphCLKConfig)
    HAL_RCC_ClockConfig                      0x08001f35   Thumb Code   282  stm32f7xx_hal_rcc.o(i.HAL_RCC_ClockConfig)
    HAL_RCC_GetClockConfig                   0x08002061   Thumb Code    56  stm32f7xx_hal_rcc.o(i.HAL_RCC_GetClockConfig)
    HAL_RCC_GetPCLK1Freq                     0x080020a1   Thumb Code    20  stm32f7xx_hal_rcc.o(i.HAL_RCC_GetPCLK1Freq)
    HAL_RCC_GetPCLK2Freq                     0x080020c1   Thumb Code    20  stm32f7xx_hal_rcc.o(i.HAL_RCC_GetPCLK2Freq)
    HAL_RCC_GetSysClockFreq                  0x080020e1   Thumb Code    88  stm32f7xx_hal_rcc.o(i.HAL_RCC_GetSysClockFreq)
    HAL_RCC_OscConfig                        0x08002145   Thumb Code   810  stm32f7xx_hal_rcc.o(i.HAL_RCC_OscConfig)
    HAL_RTCEx_SetTimeStamp                   0x0800247d   Thumb Code    90  stm32f7xx_hal_rtc_ex.o(i.HAL_RTCEx_SetTimeStamp)
    HAL_RTC_Init                             0x080024d9   Thumb Code   156  stm32f7xx_hal_rtc.o(i.HAL_RTC_Init)
    HAL_RTC_MspInit                          0x08002579   Thumb Code    20  stm32f7xx_hal_msp.o(i.HAL_RTC_MspInit)
    HAL_RTC_SetAlarm                         0x08002595   Thumb Code   362  stm32f7xx_hal_rtc.o(i.HAL_RTC_SetAlarm)
    HAL_RTC_SetDate                          0x08002701   Thumb Code   198  stm32f7xx_hal_rtc.o(i.HAL_RTC_SetDate)
    HAL_RTC_SetTime                          0x080027cd   Thumb Code   232  stm32f7xx_hal_rtc.o(i.HAL_RTC_SetTime)
    HAL_RTC_WaitForSynchro                   0x080028b9   Thumb Code    54  stm32f7xx_hal_rtc.o(i.HAL_RTC_WaitForSynchro)
    HAL_SAI_Init                             0x080028f1   Thumb Code   470  stm32f7xx_hal_sai.o(i.HAL_SAI_Init)
    HAL_SAI_MspInit                          0x08002ad9   Thumb Code   136  stm32f7xx_hal_msp.o(i.HAL_SAI_MspInit)
    HAL_SDRAM_Init                           0x08002b75   Thumb Code    66  stm32f7xx_hal_sdram.o(i.HAL_SDRAM_Init)
    HAL_SDRAM_MspInit                        0x08002bb7   Thumb Code     4  stm32f7xx_hal_msp.o(i.HAL_SDRAM_MspInit)
    HAL_SD_ConfigWideBusOperation            0x08002bbb   Thumb Code   120  stm32f7xx_hal_sd.o(i.HAL_SD_ConfigWideBusOperation)
    HAL_SD_GetCardCSD                        0x08002c33   Thumb Code   506  stm32f7xx_hal_sd.o(i.HAL_SD_GetCardCSD)
    HAL_SD_GetCardInfo                       0x08002e2d   Thumb Code    36  stm32f7xx_hal_sd.o(i.HAL_SD_GetCardInfo)
    HAL_SD_GetCardState                      0x08002e51   Thumb Code    44  stm32f7xx_hal_sd.o(i.HAL_SD_GetCardState)
    HAL_SD_Init                              0x08002e7d   Thumb Code    54  stm32f7xx_hal_sd.o(i.HAL_SD_Init)
    HAL_SD_InitCard                          0x08002eb3   Thumb Code    92  stm32f7xx_hal_sd.o(i.HAL_SD_InitCard)
    HAL_SD_MspInit                           0x08002f11   Thumb Code   118  stm32f7xx_hal_msp.o(i.HAL_SD_MspInit)
    HAL_SD_ReadBlocks                        0x08002f99   Thumb Code   432  stm32f7xx_hal_sd.o(i.HAL_SD_ReadBlocks)
    HAL_SD_WriteBlocks                       0x08003149   Thumb Code   418  stm32f7xx_hal_sd.o(i.HAL_SD_WriteBlocks)
    HAL_SPDIFRX_Init                         0x080032ed   Thumb Code   112  stm32f7xx_hal_spdifrx.o(i.HAL_SPDIFRX_Init)
    HAL_SPDIFRX_MspInit                      0x08003361   Thumb Code    90  stm32f7xx_hal_msp.o(i.HAL_SPDIFRX_MspInit)
    HAL_TIMEx_Break2Callback                 0x080033c5   Thumb Code     2  stm32f7xx_hal_tim_ex.o(i.HAL_TIMEx_Break2Callback)
    HAL_TIMEx_BreakCallback                  0x080033c7   Thumb Code     2  stm32f7xx_hal_tim_ex.o(i.HAL_TIMEx_BreakCallback)
    HAL_TIMEx_CommutCallback                 0x080033c9   Thumb Code     2  stm32f7xx_hal_tim_ex.o(i.HAL_TIMEx_CommutCallback)
    HAL_TIMEx_ConfigBreakDeadTime            0x080033cd   Thumb Code   150  stm32f7xx_hal_tim_ex.o(i.HAL_TIMEx_ConfigBreakDeadTime)
    HAL_TIMEx_MasterConfigSynchronization    0x0800346d   Thumb Code    88  stm32f7xx_hal_tim_ex.o(i.HAL_TIMEx_MasterConfigSynchronization)
    HAL_TIM_Base_Init                        0x080034cd   Thumb Code    54  stm32f7xx_hal_tim.o(i.HAL_TIM_Base_Init)
    HAL_TIM_Base_MspInit                     0x08003505   Thumb Code   112  stm32f7xx_hal_msp.o(i.HAL_TIM_Base_MspInit)
    HAL_TIM_Base_Start_IT                    0x0800358d   Thumb Code    40  stm32f7xx_hal_tim.o(i.HAL_TIM_Base_Start_IT)
    HAL_TIM_ConfigClockSource                0x080035b9   Thumb Code   214  stm32f7xx_hal_tim.o(i.HAL_TIM_ConfigClockSource)
    HAL_TIM_IC_CaptureCallback               0x08003695   Thumb Code     2  stm32f7xx_hal_tim.o(i.HAL_TIM_IC_CaptureCallback)
    HAL_TIM_IRQHandler                       0x08003697   Thumb Code   386  stm32f7xx_hal_tim.o(i.HAL_TIM_IRQHandler)
    HAL_TIM_MspPostInit                      0x08003819   Thumb Code   218  stm32f7xx_hal_msp.o(i.HAL_TIM_MspPostInit)
    HAL_TIM_OC_DelayElapsedCallback          0x08003919   Thumb Code     2  stm32f7xx_hal_tim.o(i.HAL_TIM_OC_DelayElapsedCallback)
    HAL_TIM_PWM_ConfigChannel                0x0800391b   Thumb Code   296  stm32f7xx_hal_tim.o(i.HAL_TIM_PWM_ConfigChannel)
    HAL_TIM_PWM_Init                         0x08003a43   Thumb Code    54  stm32f7xx_hal_tim.o(i.HAL_TIM_PWM_Init)
    HAL_TIM_PWM_MspInit                      0x08003a79   Thumb Code    30  stm32f7xx_hal_msp.o(i.HAL_TIM_PWM_MspInit)
    HAL_TIM_PWM_PulseFinishedCallback        0x08003aa1   Thumb Code     2  stm32f7xx_hal_tim.o(i.HAL_TIM_PWM_PulseFinishedCallback)
    HAL_TIM_PeriodElapsedCallback            0x08003aa5   Thumb Code    14  main.o(i.HAL_TIM_PeriodElapsedCallback)
    HAL_TIM_TriggerCallback                  0x08003ab9   Thumb Code     2  stm32f7xx_hal_tim.o(i.HAL_TIM_TriggerCallback)
    HAL_UART_ErrorCallback                   0x08003abb   Thumb Code     2  stm32f7xx_hal_uart.o(i.HAL_UART_ErrorCallback)
    HAL_UART_IRQHandler                      0x08003abd   Thumb Code   292  stm32f7xx_hal_uart.o(i.HAL_UART_IRQHandler)
    HAL_UART_Init                            0x08003be5   Thumb Code   102  stm32f7xx_hal_uart.o(i.HAL_UART_Init)
    HAL_UART_MspInit                         0x08003c4d   Thumb Code   244  stm32f7xx_hal_msp.o(i.HAL_UART_MspInit)
    HAL_UART_Receive_IT                      0x08003d59   Thumb Code   164  stm32f7xx_hal_uart.o(i.HAL_UART_Receive_IT)
    HAL_UART_RxCpltCallback                  0x08003e05   Thumb Code    18  main.o(i.HAL_UART_RxCpltCallback)
    HAL_UART_Transmit_IT                     0x08003e1d   Thumb Code    94  stm32f7xx_hal_uart.o(i.HAL_UART_Transmit_IT)
    HAL_UART_TxCpltCallback                  0x08003e85   Thumb Code    34  main.o(i.HAL_UART_TxCpltCallback)
    HardFault_Handler                        0x08003eb1   Thumb Code     2  stm32f7xx_it.o(i.HardFault_Handler)
    LTDC_IRQHandler                          0x08003eb5   Thumb Code     6  stm32f7xx_it.o(i.LTDC_IRQHandler)
    MX_FATFS_Init                            0x08004115   Thumb Code    18  fatfs.o(i.MX_FATFS_Init)
    MemManage_Handler                        0x08004a29   Thumb Code     2  stm32f7xx_it.o(i.MemManage_Handler)
    NMI_Handler                              0x08004a2b   Thumb Code     2  stm32f7xx_it.o(i.NMI_Handler)
    PendSV_Handler                           0x08004a2d   Thumb Code     2  stm32f7xx_it.o(i.PendSV_Handler)
    RTC_ByteToBcd2                           0x08004a77   Thumb Code    22  stm32f7xx_hal_rtc.o(i.RTC_ByteToBcd2)
    RTC_EnterInitMode                        0x08004a8d   Thumb Code    58  stm32f7xx_hal_rtc.o(i.RTC_EnterInitMode)
    SDMMC_CmdAppCommand                      0x08004b09   Thumb Code    50  stm32f7xx_ll_sdmmc.o(i.SDMMC_CmdAppCommand)
    SDMMC_CmdAppOperCommand                  0x08004b3d   Thumb Code    48  stm32f7xx_ll_sdmmc.o(i.SDMMC_CmdAppOperCommand)
    SDMMC_CmdBlockLength                     0x08004b71   Thumb Code    50  stm32f7xx_ll_sdmmc.o(i.SDMMC_CmdBlockLength)
    SDMMC_CmdBusWidth                        0x08004ba3   Thumb Code    50  stm32f7xx_ll_sdmmc.o(i.SDMMC_CmdBusWidth)
    SDMMC_CmdGoIdleState                     0x08004bd5   Thumb Code    76  stm32f7xx_ll_sdmmc.o(i.SDMMC_CmdGoIdleState)
    SDMMC_CmdOperCond                        0x08004c25   Thumb Code    94  stm32f7xx_ll_sdmmc.o(i.SDMMC_CmdOperCond)
    SDMMC_CmdReadMultiBlock                  0x08004c89   Thumb Code    50  stm32f7xx_ll_sdmmc.o(i.SDMMC_CmdReadMultiBlock)
    SDMMC_CmdReadSingleBlock                 0x08004cbb   Thumb Code    50  stm32f7xx_ll_sdmmc.o(i.SDMMC_CmdReadSingleBlock)
    SDMMC_CmdSelDesel                        0x08004ced   Thumb Code    48  stm32f7xx_ll_sdmmc.o(i.SDMMC_CmdSelDesel)
    SDMMC_CmdSendCID                         0x08004d1d   Thumb Code    42  stm32f7xx_ll_sdmmc.o(i.SDMMC_CmdSendCID)
    SDMMC_CmdSendCSD                         0x08004d47   Thumb Code    46  stm32f7xx_ll_sdmmc.o(i.SDMMC_CmdSendCSD)
    SDMMC_CmdSendSCR                         0x08004d75   Thumb Code    48  stm32f7xx_ll_sdmmc.o(i.SDMMC_CmdSendSCR)
    SDMMC_CmdSendStatus                      0x08004da5   Thumb Code    50  stm32f7xx_ll_sdmmc.o(i.SDMMC_CmdSendStatus)
    SDMMC_CmdSetRelAdd                       0x08004dd7   Thumb Code    48  stm32f7xx_ll_sdmmc.o(i.SDMMC_CmdSetRelAdd)
    SDMMC_CmdStopTransfer                    0x08004e09   Thumb Code    46  stm32f7xx_ll_sdmmc.o(i.SDMMC_CmdStopTransfer)
    SDMMC_CmdWriteMultiBlock                 0x08004e3d   Thumb Code    50  stm32f7xx_ll_sdmmc.o(i.SDMMC_CmdWriteMultiBlock)
    SDMMC_CmdWriteSingleBlock                0x08004e6f   Thumb Code    50  stm32f7xx_ll_sdmmc.o(i.SDMMC_CmdWriteSingleBlock)
    SDMMC_ConfigData                         0x08004ea1   Thumb Code    38  stm32f7xx_ll_sdmmc.o(i.SDMMC_ConfigData)
    SDMMC_GetPowerState                      0x080050f9   Thumb Code     8  stm32f7xx_ll_sdmmc.o(i.SDMMC_GetPowerState)
    SDMMC_GetResponse                        0x08005101   Thumb Code    12  stm32f7xx_ll_sdmmc.o(i.SDMMC_GetResponse)
    SDMMC_Init                               0x0800510d   Thumb Code    34  stm32f7xx_ll_sdmmc.o(i.SDMMC_Init)
    SDMMC_PowerState_ON                      0x0800512f   Thumb Code     8  stm32f7xx_ll_sdmmc.o(i.SDMMC_PowerState_ON)
    SDMMC_ReadFIFO                           0x08005137   Thumb Code     6  stm32f7xx_ll_sdmmc.o(i.SDMMC_ReadFIFO)
    SDMMC_SendCommand                        0x0800513d   Thumb Code    34  stm32f7xx_ll_sdmmc.o(i.SDMMC_SendCommand)
    SDMMC_WriteFIFO                          0x0800515f   Thumb Code    10  stm32f7xx_ll_sdmmc.o(i.SDMMC_WriteFIFO)
    SD_initialize                            0x08005489   Thumb Code    28  sd_diskio.o(i.SD_initialize)
    SD_ioctl                                 0x080054a9   Thumb Code    84  sd_diskio.o(i.SD_ioctl)
    SD_read                                  0x08005501   Thumb Code    38  sd_diskio.o(i.SD_read)
    SD_status                                0x08005527   Thumb Code     4  sd_diskio.o(i.SD_status)
    SD_write                                 0x0800552d   Thumb Code    38  sd_diskio.o(i.SD_write)
    SVC_Handler                              0x08005553   Thumb Code     2  stm32f7xx_it.o(i.SVC_Handler)
    SystemClock_Config                       0x08005555   Thumb Code   198  main.o(i.SystemClock_Config)
    SystemInit                               0x08005629   Thumb Code    68  system_stm32f7xx.o(i.SystemInit)
    TIM6_DAC_IRQHandler                      0x0800567d   Thumb Code     6  stm32f7xx_it.o(i.TIM6_DAC_IRQHandler)
    TIM_Base_SetConfig                       0x08005689   Thumb Code   158  stm32f7xx_hal_tim.o(i.TIM_Base_SetConfig)
    TIM_ETR_SetConfig                        0x08005755   Thumb Code    18  stm32f7xx_hal_tim.o(i.TIM_ETR_SetConfig)
    TIM_OC2_SetConfig                        0x080057ed   Thumb Code   108  stm32f7xx_hal_tim.o(i.TIM_OC2_SetConfig)
    UART_AdvFeatureConfig                    0x08005a2b   Thumb Code   200  stm32f7xx_hal_uart.o(i.UART_AdvFeatureConfig)
    UART_CheckIdleState                      0x08005af3   Thumb Code    60  stm32f7xx_hal_uart.o(i.UART_CheckIdleState)
    UART_SetConfig                           0x08005c19   Thumb Code   546  stm32f7xx_hal_uart.o(i.UART_SetConfig)
    UART_WaitOnFlagUntilTimeout              0x08005ee9   Thumb Code    96  stm32f7xx_hal_uart.o(i.UART_WaitOnFlagUntilTimeout)
    USART1_IRQHandler                        0x08005f49   Thumb Code     6  stm32f7xx_it.o(i.USART1_IRQHandler)
    USART6_IRQHandler                        0x08005f55   Thumb Code     6  stm32f7xx_it.o(i.USART6_IRQHandler)
    UsageFault_Handler                       0x08005f61   Thumb Code     2  stm32f7xx_it.o(i.UsageFault_Handler)
    __scatterload_copy                       0x08005f85   Thumb Code    14  handlers.o(i.__scatterload_copy)
    __scatterload_null                       0x08005f93   Thumb Code     2  handlers.o(i.__scatterload_null)
    __scatterload_zeroinit                   0x08005f95   Thumb Code    14  handlers.o(i.__scatterload_zeroinit)
    main                                     0x08005fa5   Thumb Code   212  main.o(i.main)
    SD_Driver                                0x0800609c   Data          20  sd_diskio.o(.constdata)
    AHBPrescTable                            0x080060b0   Data          16  system_stm32f7xx.o(.constdata)
    APBPrescTable                            0x080060c0   Data           8  system_stm32f7xx.o(.constdata)
    Region$$Table$$Base                      0x080060c8   Number         0  anon$$obj.o(Region$$Table)
    Region$$Table$$Limit                     0x080060e8   Number         0  anon$$obj.o(Region$$Table)
    retSD                                    0x20000001   Data           1  fatfs.o(.data)
    SDPath                                   0x20000002   Data           4  fatfs.o(.data)
    uwTickFreq                               0x20000014   Data           1  stm32f7xx_hal.o(.data)
    uwTickPrio                               0x20000018   Data           4  stm32f7xx_hal.o(.data)
    uwTick                                   0x2000001c   Data           4  stm32f7xx_hal.o(.data)
    SystemCoreClock                          0x20000020   Data           4  system_stm32f7xx.o(.data)
    hadc3                                    0x20000024   Data          72  main.o(.bss)
    hcrc                                     0x2000006c   Data          36  main.o(.bss)
    hdcmi                                    0x20000090   Data          80  main.o(.bss)
    hdma2d                                   0x200000e0   Data          64  main.o(.bss)
    hi2c1                                    0x20000120   Data          76  main.o(.bss)
    hi2c3                                    0x2000016c   Data          76  main.o(.bss)
    hltdc                                    0x200001b8   Data         168  main.o(.bss)
    hqspi                                    0x20000260   Data          76  main.o(.bss)
    hrtc                                     0x200002ac   Data          32  main.o(.bss)
    hsai_BlockA2                             0x200002cc   Data         132  main.o(.bss)
    hsai_BlockB2                             0x20000350   Data         132  main.o(.bss)
    hsd1                                     0x200003d4   Data         132  main.o(.bss)
    hspdif                                   0x20000458   Data          76  main.o(.bss)
    htim1                                    0x200004a4   Data          64  main.o(.bss)
    htim2                                    0x200004e4   Data          64  main.o(.bss)
    htim3                                    0x20000524   Data          64  main.o(.bss)
    htim5                                    0x20000564   Data          64  main.o(.bss)
    htim8                                    0x200005a4   Data          64  main.o(.bss)
    htim12                                   0x200005e4   Data          64  main.o(.bss)
    huart1                                   0x20000624   Data         128  main.o(.bss)
    huart6                                   0x200006a4   Data         128  main.o(.bss)
    hsdram1                                  0x20000724   Data          52  main.o(.bss)
    receiveData                              0x20000758   Data          12  main.o(.bss)
    htim6                                    0x20000764   Data          64  stm32f7xx_hal_timebase_tim.o(.bss)
    disk                                     0x200007a4   Data          12  ff_gen_drv.o(.bss)
    __initial_sp                             0x20000bb0   Data           0  startup_stm32f746xx.o(STACK)



==============================================================================

Memory Map of the image

  Image Entry point : 0x080001c9

  Load Region LR_IROM1 (Base: 0x08000000, Size: 0x0000610c, Max: 0x00100000, ABSOLUTE)

    Execution Region ER_IROM1 (Exec base: 0x08000000, Load base: 0x08000000, Size: 0x000060e8, Max: 0x00100000, ABSOLUTE)

    Exec Addr    Load Addr    Size         Type   Attr      Idx    E Section Name        Object

    0x08000000   0x08000000   0x000001c8   Data   RO            3    RESET               startup_stm32f746xx.o
    0x080001c8   0x080001c8   0x00000000   Code   RO         7376  * .ARM.Collect$$$$00000000  mc_w.l(entry.o)
    0x080001c8   0x080001c8   0x00000004   Code   RO         7387    .ARM.Collect$$$$00000001  mc_w.l(entry2.o)
    0x080001cc   0x080001cc   0x00000004   Code   RO         7390    .ARM.Collect$$$$00000004  mc_w.l(entry5.o)
    0x080001d0   0x080001d0   0x00000000   Code   RO         7392    .ARM.Collect$$$$00000008  mc_w.l(entry7b.o)
    0x080001d0   0x080001d0   0x00000000   Code   RO         7394    .ARM.Collect$$$$0000000A  mc_w.l(entry8b.o)
    0x080001d0   0x080001d0   0x00000008   Code   RO         7395    .ARM.Collect$$$$0000000B  mc_w.l(entry9a.o)
    0x080001d8   0x080001d8   0x00000000   Code   RO         7397    .ARM.Collect$$$$0000000D  mc_w.l(entry10a.o)
    0x080001d8   0x080001d8   0x00000000   Code   RO         7399    .ARM.Collect$$$$0000000F  mc_w.l(entry11a.o)
    0x080001d8   0x080001d8   0x00000004   Code   RO         7388    .ARM.Collect$$$$00002712  mc_w.l(entry2.o)
    0x080001dc   0x080001dc   0x00000024   Code   RO            4    .text               startup_stm32f746xx.o
    0x08000200   0x08000200   0x00000062   Code   RO         7379    .text               mc_w.l(uldiv.o)
    0x08000262   0x08000262   0x00000024   Code   RO         7381    .text               mc_w.l(memcpya.o)
    0x08000286   0x08000286   0x00000024   Code   RO         7383    .text               mc_w.l(memseta.o)
    0x080002aa   0x080002aa   0x0000001e   Code   RO         7401    .text               mc_w.l(llshl.o)
    0x080002c8   0x080002c8   0x00000020   Code   RO         7403    .text               mc_w.l(llushr.o)
    0x080002e8   0x080002e8   0x00000024   Code   RO         7405    .text               mc_w.l(init.o)
    0x0800030c   0x0800030c   0x00000138   Code   RO          968    i.ADC_Init          stm32f7xx_hal_adc.o
    0x08000444   0x08000444   0x00000018   Code   RO          585    i.BSP_PlatformIsDetected  fatfs_platform.o
    0x0800045c   0x0800045c   0x0000000c   Code   RO          375    i.BSP_SD_GetCardInfo  bsp_driver_sd.o
    0x08000468   0x08000468   0x00000018   Code   RO          376    i.BSP_SD_GetCardState  bsp_driver_sd.o
    0x08000480   0x08000480   0x00000030   Code   RO          378    i.BSP_SD_Init       bsp_driver_sd.o
    0x080004b0   0x080004b0   0x0000001a   Code   RO          379    i.BSP_SD_IsDetected  bsp_driver_sd.o
    0x080004ca   0x080004ca   0x00000002   PAD
    0x080004cc   0x080004cc   0x00000020   Code   RO          380    i.BSP_SD_ReadBlocks  bsp_driver_sd.o
    0x080004ec   0x080004ec   0x00000020   Code   RO          383    i.BSP_SD_WriteBlocks  bsp_driver_sd.o
    0x0800050c   0x0800050c   0x00000002   Code   RO          609    i.BusFault_Handler  stm32f7xx_it.o
    0x0800050e   0x0800050e   0x00000002   PAD
    0x08000510   0x08000510   0x0000000c   Code   RO          610    i.DMA2D_IRQHandler  stm32f7xx_it.o
    0x0800051c   0x0800051c   0x00000002   Code   RO          611    i.DebugMon_Handler  stm32f7xx_it.o
    0x0800051e   0x0800051e   0x00000006   Code   RO         7305    i.FATFS_LinkDriver  ff_gen_drv.o
    0x08000524   0x08000524   0x00000040   Code   RO         7306    i.FATFS_LinkDriverEx  ff_gen_drv.o
    0x08000564   0x08000564   0x0000005e   Code   RO         1847    i.FMC_SDRAM_Init    stm32f7xx_ll_fmc.o
    0x080005c2   0x080005c2   0x00000002   PAD
    0x080005c4   0x080005c4   0x0000008c   Code   RO         1851    i.FMC_SDRAM_Timing_Init  stm32f7xx_ll_fmc.o
    0x08000650   0x08000650   0x00000164   Code   RO          970    i.HAL_ADC_ConfigChannel  stm32f7xx_hal_adc.o
    0x080007b4   0x080007b4   0x00000054   Code   RO          979    i.HAL_ADC_Init      stm32f7xx_hal_adc.o
    0x08000808   0x08000808   0x00000088   Code   RO          710    i.HAL_ADC_MspInit   stm32f7xx_hal_msp.o
    0x08000890   0x08000890   0x0000004e   Code   RO         1447    i.HAL_CRCEx_Polynomial_Set  stm32f7xx_hal_crc_ex.o
    0x080008de   0x080008de   0x00000002   PAD
    0x080008e0   0x080008e0   0x00000078   Code   RO         1381    i.HAL_CRC_Init      stm32f7xx_hal_crc.o
    0x08000958   0x08000958   0x00000028   Code   RO          712    i.HAL_CRC_MspInit   stm32f7xx_hal_msp.o
    0x08000980   0x08000980   0x0000008c   Code   RO         1492    i.HAL_DCMI_Init     stm32f7xx_hal_dcmi.o
    0x08000a0c   0x08000a0c   0x00000108   Code   RO          714    i.HAL_DCMI_MspInit  stm32f7xx_hal_msp.o
    0x08000b14   0x08000b14   0x00000002   Code   RO         1641    i.HAL_DMA2D_CLUTLoadingCpltCallback  stm32f7xx_hal_dma2d.o
    0x08000b16   0x08000b16   0x00000002   PAD
    0x08000b18   0x08000b18   0x000000a0   Code   RO         1647    i.HAL_DMA2D_ConfigLayer  stm32f7xx_hal_dma2d.o
    0x08000bb8   0x08000bb8   0x0000011c   Code   RO         1654    i.HAL_DMA2D_IRQHandler  stm32f7xx_hal_dma2d.o
    0x08000cd4   0x08000cd4   0x0000005a   Code   RO         1655    i.HAL_DMA2D_Init    stm32f7xx_hal_dma2d.o
    0x08000d2e   0x08000d2e   0x00000002   Code   RO         1656    i.HAL_DMA2D_LineEventCallback  stm32f7xx_hal_dma2d.o
    0x08000d30   0x08000d30   0x0000003c   Code   RO          716    i.HAL_DMA2D_MspInit  stm32f7xx_hal_msp.o
    0x08000d6c   0x08000d6c   0x00000024   Code   RO         6251    i.HAL_DMA_Abort_IT  stm32f7xx_hal_dma.o
    0x08000d90   0x08000d90   0x00000024   Code   RO         6617    i.HAL_Delay         stm32f7xx_hal.o
    0x08000db4   0x08000db4   0x000000b4   Code   RO          717    i.HAL_FMC_MspInit   stm32f7xx_hal_msp.o
    0x08000e68   0x08000e68   0x000001d8   Code   RO         6184    i.HAL_GPIO_Init     stm32f7xx_hal_gpio.o
    0x08001040   0x08001040   0x0000000a   Code   RO         6186    i.HAL_GPIO_ReadPin  stm32f7xx_hal_gpio.o
    0x0800104a   0x0800104a   0x0000000e   Code   RO         6187    i.HAL_GPIO_TogglePin  stm32f7xx_hal_gpio.o
    0x08001058   0x08001058   0x0000000a   Code   RO         6188    i.HAL_GPIO_WritePin  stm32f7xx_hal_gpio.o
    0x08001062   0x08001062   0x00000002   PAD
    0x08001064   0x08001064   0x0000000c   Code   RO         6625    i.HAL_GetTick       stm32f7xx_hal.o
    0x08001070   0x08001070   0x00000058   Code   RO         2595    i.HAL_I2CEx_ConfigAnalogFilter  stm32f7xx_hal_i2c_ex.o
    0x080010c8   0x080010c8   0x00000054   Code   RO         2596    i.HAL_I2CEx_ConfigDigitalFilter  stm32f7xx_hal_i2c_ex.o
    0x0800111c   0x0800111c   0x000000b8   Code   RO         2149    i.HAL_I2C_Init      stm32f7xx_hal_i2c.o
    0x080011d4   0x080011d4   0x000000b0   Code   RO          719    i.HAL_I2C_MspInit   stm32f7xx_hal_msp.o
    0x08001284   0x08001284   0x00000010   Code   RO         6631    i.HAL_IncTick       stm32f7xx_hal.o
    0x08001294   0x08001294   0x00000016   Code   RO         6632    i.HAL_Init          stm32f7xx_hal.o
    0x080012aa   0x080012aa   0x00000002   PAD
    0x080012ac   0x080012ac   0x00000074   Code   RO          926    i.HAL_InitTick      stm32f7xx_hal_timebase_tim.o
    0x08001320   0x08001320   0x00000052   Code   RO         2628    i.HAL_LTDC_ConfigLayer  stm32f7xx_hal_ltdc.o
    0x08001372   0x08001372   0x00000002   Code   RO         2641    i.HAL_LTDC_ErrorCallback  stm32f7xx_hal_ltdc.o
    0x08001374   0x08001374   0x000000c8   Code   RO         2644    i.HAL_LTDC_IRQHandler  stm32f7xx_hal_ltdc.o
    0x0800143c   0x0800143c   0x000000f8   Code   RO         2645    i.HAL_LTDC_Init     stm32f7xx_hal_ltdc.o
    0x08001534   0x08001534   0x00000002   Code   RO         2646    i.HAL_LTDC_LineEventCallback  stm32f7xx_hal_ltdc.o
    0x08001536   0x08001536   0x00000002   PAD
    0x08001538   0x08001538   0x0000011c   Code   RO          721    i.HAL_LTDC_MspInit  stm32f7xx_hal_msp.o
    0x08001654   0x08001654   0x00000002   Code   RO         2651    i.HAL_LTDC_ReloadEventCallback  stm32f7xx_hal_ltdc.o
    0x08001656   0x08001656   0x00000002   PAD
    0x08001658   0x08001658   0x00000030   Code   RO          722    i.HAL_MspInit       stm32f7xx_hal_msp.o
    0x08001688   0x08001688   0x0000001a   Code   RO         1245    i.HAL_NVIC_EnableIRQ  stm32f7xx_hal_cortex.o
    0x080016a2   0x080016a2   0x00000002   PAD
    0x080016a4   0x080016a4   0x00000040   Code   RO         1251    i.HAL_NVIC_SetPriority  stm32f7xx_hal_cortex.o
    0x080016e4   0x080016e4   0x00000024   Code   RO         1252    i.HAL_NVIC_SetPriorityGrouping  stm32f7xx_hal_cortex.o
    0x08001708   0x08001708   0x0000006c   Code   RO         6524    i.HAL_PWREx_EnableOverDrive  stm32f7xx_hal_pwr_ex.o
    0x08001774   0x08001774   0x00000010   Code   RO         6401    i.HAL_PWR_EnableBkUpAccess  stm32f7xx_hal_pwr.o
    0x08001784   0x08001784   0x000000c0   Code   RO         2933    i.HAL_QSPI_Init     stm32f7xx_hal_qspi.o
    0x08001844   0x08001844   0x000000d4   Code   RO          724    i.HAL_QSPI_MspInit  stm32f7xx_hal_msp.o
    0x08001918   0x08001918   0x00000120   Code   RO         5944    i.HAL_RCCEx_GetPeriphCLKFreq  stm32f7xx_hal_rcc_ex.o
    0x08001a38   0x08001a38   0x000004fc   Code   RO         5945    i.HAL_RCCEx_PeriphCLKConfig  stm32f7xx_hal_rcc_ex.o
    0x08001f34   0x08001f34   0x0000012c   Code   RO         5838    i.HAL_RCC_ClockConfig  stm32f7xx_hal_rcc.o
    0x08002060   0x08002060   0x00000040   Code   RO         5842    i.HAL_RCC_GetClockConfig  stm32f7xx_hal_rcc.o
    0x080020a0   0x080020a0   0x00000020   Code   RO         5845    i.HAL_RCC_GetPCLK1Freq  stm32f7xx_hal_rcc.o
    0x080020c0   0x080020c0   0x00000020   Code   RO         5846    i.HAL_RCC_GetPCLK2Freq  stm32f7xx_hal_rcc.o
    0x080020e0   0x080020e0   0x00000064   Code   RO         5847    i.HAL_RCC_GetSysClockFreq  stm32f7xx_hal_rcc.o
    0x08002144   0x08002144   0x00000338   Code   RO         5850    i.HAL_RCC_OscConfig  stm32f7xx_hal_rcc.o
    0x0800247c   0x0800247c   0x0000005a   Code   RO         3337    i.HAL_RTCEx_SetTimeStamp  stm32f7xx_hal_rtc_ex.o
    0x080024d6   0x080024d6   0x00000002   PAD
    0x080024d8   0x080024d8   0x000000a0   Code   RO         3182    i.HAL_RTC_Init      stm32f7xx_hal_rtc.o
    0x08002578   0x08002578   0x0000001c   Code   RO          726    i.HAL_RTC_MspInit   stm32f7xx_hal_msp.o
    0x08002594   0x08002594   0x0000016a   Code   RO         3186    i.HAL_RTC_SetAlarm  stm32f7xx_hal_rtc.o
    0x080026fe   0x080026fe   0x00000002   PAD
    0x08002700   0x08002700   0x000000cc   Code   RO         3188    i.HAL_RTC_SetDate   stm32f7xx_hal_rtc.o
    0x080027cc   0x080027cc   0x000000ec   Code   RO         3189    i.HAL_RTC_SetTime   stm32f7xx_hal_rtc.o
    0x080028b8   0x080028b8   0x00000036   Code   RO         3190    i.HAL_RTC_WaitForSynchro  stm32f7xx_hal_rtc.o
    0x080028ee   0x080028ee   0x00000002   PAD
    0x080028f0   0x080028f0   0x000001e8   Code   RO         3564    i.HAL_SAI_Init      stm32f7xx_hal_sai.o
    0x08002ad8   0x08002ad8   0x0000009c   Code   RO          728    i.HAL_SAI_MspInit   stm32f7xx_hal_msp.o
    0x08002b74   0x08002b74   0x00000042   Code   RO         1988    i.HAL_SDRAM_Init    stm32f7xx_hal_sdram.o
    0x08002bb6   0x08002bb6   0x00000004   Code   RO          730    i.HAL_SDRAM_MspInit  stm32f7xx_hal_msp.o
    0x08002bba   0x08002bba   0x00000078   Code   RO         4101    i.HAL_SD_ConfigWideBusOperation  stm32f7xx_hal_sd.o
    0x08002c32   0x08002c32   0x000001fa   Code   RO         4106    i.HAL_SD_GetCardCSD  stm32f7xx_hal_sd.o
    0x08002e2c   0x08002e2c   0x00000024   Code   RO         4107    i.HAL_SD_GetCardInfo  stm32f7xx_hal_sd.o
    0x08002e50   0x08002e50   0x0000002c   Code   RO         4108    i.HAL_SD_GetCardState  stm32f7xx_hal_sd.o
    0x08002e7c   0x08002e7c   0x00000036   Code   RO         4113    i.HAL_SD_Init       stm32f7xx_hal_sd.o
    0x08002eb2   0x08002eb2   0x0000005c   Code   RO         4114    i.HAL_SD_InitCard   stm32f7xx_hal_sd.o
    0x08002f0e   0x08002f0e   0x00000002   PAD
    0x08002f10   0x08002f10   0x00000088   Code   RO          732    i.HAL_SD_MspInit    stm32f7xx_hal_msp.o
    0x08002f98   0x08002f98   0x000001b0   Code   RO         4117    i.HAL_SD_ReadBlocks  stm32f7xx_hal_sd.o
    0x08003148   0x08003148   0x000001a2   Code   RO         4122    i.HAL_SD_WriteBlocks  stm32f7xx_hal_sd.o
    0x080032ea   0x080032ea   0x00000002   PAD
    0x080032ec   0x080032ec   0x00000074   Code   RO         4341    i.HAL_SPDIFRX_Init  stm32f7xx_hal_spdifrx.o
    0x08003360   0x08003360   0x00000064   Code   RO          734    i.HAL_SPDIFRX_MspInit  stm32f7xx_hal_msp.o
    0x080033c4   0x080033c4   0x00000002   Code   RO         5188    i.HAL_TIMEx_Break2Callback  stm32f7xx_hal_tim_ex.o
    0x080033c6   0x080033c6   0x00000002   Code   RO         5189    i.HAL_TIMEx_BreakCallback  stm32f7xx_hal_tim_ex.o
    0x080033c8   0x080033c8   0x00000002   Code   RO         5190    i.HAL_TIMEx_CommutCallback  stm32f7xx_hal_tim_ex.o
    0x080033ca   0x080033ca   0x00000002   PAD
    0x080033cc   0x080033cc   0x000000a0   Code   RO         5192    i.HAL_TIMEx_ConfigBreakDeadTime  stm32f7xx_hal_tim_ex.o
    0x0800346c   0x0800346c   0x00000060   Code   RO         5208    i.HAL_TIMEx_MasterConfigSynchronization  stm32f7xx_hal_tim_ex.o
    0x080034cc   0x080034cc   0x00000036   Code   RO         4503    i.HAL_TIM_Base_Init  stm32f7xx_hal_tim.o
    0x08003502   0x08003502   0x00000002   PAD
    0x08003504   0x08003504   0x00000088   Code   RO          736    i.HAL_TIM_Base_MspInit  stm32f7xx_hal_msp.o
    0x0800358c   0x0800358c   0x0000002c   Code   RO         4508    i.HAL_TIM_Base_Start_IT  stm32f7xx_hal_tim.o
    0x080035b8   0x080035b8   0x000000dc   Code   RO         4512    i.HAL_TIM_ConfigClockSource  stm32f7xx_hal_tim.o
    0x08003694   0x08003694   0x00000002   Code   RO         4532    i.HAL_TIM_IC_CaptureCallback  stm32f7xx_hal_tim.o
    0x08003696   0x08003696   0x00000182   Code   RO         4546    i.HAL_TIM_IRQHandler  stm32f7xx_hal_tim.o
    0x08003818   0x08003818   0x00000100   Code   RO          737    i.HAL_TIM_MspPostInit  stm32f7xx_hal_msp.o
    0x08003918   0x08003918   0x00000002   Code   RO         4549    i.HAL_TIM_OC_DelayElapsedCallback  stm32f7xx_hal_tim.o
    0x0800391a   0x0800391a   0x00000128   Code   RO         4570    i.HAL_TIM_PWM_ConfigChannel  stm32f7xx_hal_tim.o
    0x08003a42   0x08003a42   0x00000036   Code   RO         4573    i.HAL_TIM_PWM_Init  stm32f7xx_hal_tim.o
    0x08003a78   0x08003a78   0x00000028   Code   RO          739    i.HAL_TIM_PWM_MspInit  stm32f7xx_hal_msp.o
    0x08003aa0   0x08003aa0   0x00000002   Code   RO         4576    i.HAL_TIM_PWM_PulseFinishedCallback  stm32f7xx_hal_tim.o
    0x08003aa2   0x08003aa2   0x00000002   PAD
    0x08003aa4   0x08003aa4   0x00000014   Code   RO           14    i.HAL_TIM_PeriodElapsedCallback  main.o
    0x08003ab8   0x08003ab8   0x00000002   Code   RO         4589    i.HAL_TIM_TriggerCallback  stm32f7xx_hal_tim.o
    0x08003aba   0x08003aba   0x00000002   Code   RO         5473    i.HAL_UART_ErrorCallback  stm32f7xx_hal_uart.o
    0x08003abc   0x08003abc   0x00000128   Code   RO         5476    i.HAL_UART_IRQHandler  stm32f7xx_hal_uart.o
    0x08003be4   0x08003be4   0x00000066   Code   RO         5477    i.HAL_UART_Init     stm32f7xx_hal_uart.o
    0x08003c4a   0x08003c4a   0x00000002   PAD
    0x08003c4c   0x08003c4c   0x0000010c   Code   RO          741    i.HAL_UART_MspInit  stm32f7xx_hal_msp.o
    0x08003d58   0x08003d58   0x000000ac   Code   RO         5482    i.HAL_UART_Receive_IT  stm32f7xx_hal_uart.o
    0x08003e04   0x08003e04   0x00000018   Code   RO           15    i.HAL_UART_RxCpltCallback  main.o
    0x08003e1c   0x08003e1c   0x00000068   Code   RO         5487    i.HAL_UART_Transmit_IT  stm32f7xx_hal_uart.o
    0x08003e84   0x08003e84   0x0000002c   Code   RO           16    i.HAL_UART_TxCpltCallback  main.o
    0x08003eb0   0x08003eb0   0x00000002   Code   RO          612    i.HardFault_Handler  stm32f7xx_it.o
    0x08003eb2   0x08003eb2   0x00000002   PAD
    0x08003eb4   0x08003eb4   0x0000000c   Code   RO          613    i.LTDC_IRQHandler   stm32f7xx_it.o
    0x08003ec0   0x08003ec0   0x000001d0   Code   RO         2664    i.LTDC_SetConfig    stm32f7xx_hal_ltdc.o
    0x08004090   0x08004090   0x00000058   Code   RO           17    i.MX_ADC3_Init      main.o
    0x080040e8   0x080040e8   0x0000002c   Code   RO           18    i.MX_DCMI_Init      main.o
    0x08004114   0x08004114   0x0000001c   Code   RO          547    i.MX_FATFS_Init     fatfs.o
    0x08004130   0x08004130   0x00000060   Code   RO           19    i.MX_FMC_Init       main.o
    0x08004190   0x08004190   0x000002f4   Code   RO           20    i.MX_GPIO_Init      main.o
    0x08004484   0x08004484   0x00000044   Code   RO           21    i.MX_I2C1_Init      main.o
    0x080044c8   0x080044c8   0x00000044   Code   RO           22    i.MX_I2C3_Init      main.o
    0x0800450c   0x0800450c   0x0000009c   Code   RO           23    i.MX_LTDC_Init      main.o
    0x080045a8   0x080045a8   0x000000bc   Code   RO           24    i.MX_RTC_Init       main.o
    0x08004664   0x08004664   0x00000090   Code   RO           25    i.MX_SAI2_Init      main.o
    0x080046f4   0x080046f4   0x00000028   Code   RO           26    i.MX_SPDIFRX_Init   main.o
    0x0800471c   0x0800471c   0x00000048   Code   RO           27    i.MX_TIM12_Init     main.o
    0x08004764   0x08004764   0x000000ac   Code   RO           28    i.MX_TIM1_Init      main.o
    0x08004810   0x08004810   0x00000074   Code   RO           29    i.MX_TIM2_Init      main.o
    0x08004884   0x08004884   0x00000078   Code   RO           30    i.MX_TIM3_Init      main.o
    0x080048fc   0x080048fc   0x00000078   Code   RO           31    i.MX_TIM5_Init      main.o
    0x08004974   0x08004974   0x00000054   Code   RO           32    i.MX_TIM8_Init      main.o
    0x080049c8   0x080049c8   0x00000030   Code   RO           33    i.MX_USART1_UART_Init  main.o
    0x080049f8   0x080049f8   0x00000030   Code   RO           34    i.MX_USART6_UART_Init  main.o
    0x08004a28   0x08004a28   0x00000002   Code   RO          614    i.MemManage_Handler  stm32f7xx_it.o
    0x08004a2a   0x08004a2a   0x00000002   Code   RO          615    i.NMI_Handler       stm32f7xx_it.o
    0x08004a2c   0x08004a2c   0x00000002   Code   RO          616    i.PendSV_Handler    stm32f7xx_it.o
    0x08004a2e   0x08004a2e   0x00000048   Code   RO         2958    i.QSPI_WaitFlagStateUntilTimeout  stm32f7xx_hal_qspi.o
    0x08004a76   0x08004a76   0x00000016   Code   RO         3192    i.RTC_ByteToBcd2    stm32f7xx_hal_rtc.o
    0x08004a8c   0x08004a8c   0x0000003a   Code   RO         3193    i.RTC_EnterInitMode  stm32f7xx_hal_rtc.o
    0x08004ac6   0x08004ac6   0x00000002   PAD
    0x08004ac8   0x08004ac8   0x00000040   Code   RO         3584    i.SAI_Disable       stm32f7xx_hal_sai.o
    0x08004b08   0x08004b08   0x00000032   Code   RO         3834    i.SDMMC_CmdAppCommand  stm32f7xx_ll_sdmmc.o
    0x08004b3a   0x08004b3a   0x00000002   PAD
    0x08004b3c   0x08004b3c   0x00000034   Code   RO         3835    i.SDMMC_CmdAppOperCommand  stm32f7xx_ll_sdmmc.o
    0x08004b70   0x08004b70   0x00000032   Code   RO         3836    i.SDMMC_CmdBlockLength  stm32f7xx_ll_sdmmc.o
    0x08004ba2   0x08004ba2   0x00000032   Code   RO         3837    i.SDMMC_CmdBusWidth  stm32f7xx_ll_sdmmc.o
    0x08004bd4   0x08004bd4   0x00000050   Code   RO         3841    i.SDMMC_CmdGoIdleState  stm32f7xx_ll_sdmmc.o
    0x08004c24   0x08004c24   0x00000064   Code   RO         3843    i.SDMMC_CmdOperCond  stm32f7xx_ll_sdmmc.o
    0x08004c88   0x08004c88   0x00000032   Code   RO         3844    i.SDMMC_CmdReadMultiBlock  stm32f7xx_ll_sdmmc.o
    0x08004cba   0x08004cba   0x00000032   Code   RO         3845    i.SDMMC_CmdReadSingleBlock  stm32f7xx_ll_sdmmc.o
    0x08004cec   0x08004cec   0x00000030   Code   RO         3848    i.SDMMC_CmdSelDesel  stm32f7xx_ll_sdmmc.o
    0x08004d1c   0x08004d1c   0x0000002a   Code   RO         3849    i.SDMMC_CmdSendCID  stm32f7xx_ll_sdmmc.o
    0x08004d46   0x08004d46   0x0000002e   Code   RO         3850    i.SDMMC_CmdSendCSD  stm32f7xx_ll_sdmmc.o
    0x08004d74   0x08004d74   0x00000030   Code   RO         3851    i.SDMMC_CmdSendSCR  stm32f7xx_ll_sdmmc.o
    0x08004da4   0x08004da4   0x00000032   Code   RO         3852    i.SDMMC_CmdSendStatus  stm32f7xx_ll_sdmmc.o
    0x08004dd6   0x08004dd6   0x00000030   Code   RO         3853    i.SDMMC_CmdSetRelAdd  stm32f7xx_ll_sdmmc.o
    0x08004e06   0x08004e06   0x00000002   PAD
    0x08004e08   0x08004e08   0x00000034   Code   RO         3855    i.SDMMC_CmdStopTransfer  stm32f7xx_ll_sdmmc.o
    0x08004e3c   0x08004e3c   0x00000032   Code   RO         3857    i.SDMMC_CmdWriteMultiBlock  stm32f7xx_ll_sdmmc.o
    0x08004e6e   0x08004e6e   0x00000032   Code   RO         3858    i.SDMMC_CmdWriteSingleBlock  stm32f7xx_ll_sdmmc.o
    0x08004ea0   0x08004ea0   0x00000026   Code   RO         3859    i.SDMMC_ConfigData  stm32f7xx_ll_sdmmc.o
    0x08004ec6   0x08004ec6   0x00000002   PAD
    0x08004ec8   0x08004ec8   0x0000011c   Code   RO         3860    i.SDMMC_GetCmdResp1  stm32f7xx_ll_sdmmc.o
    0x08004fe4   0x08004fe4   0x00000050   Code   RO         3861    i.SDMMC_GetCmdResp2  stm32f7xx_ll_sdmmc.o
    0x08005034   0x08005034   0x00000040   Code   RO         3862    i.SDMMC_GetCmdResp3  stm32f7xx_ll_sdmmc.o
    0x08005074   0x08005074   0x00000084   Code   RO         3863    i.SDMMC_GetCmdResp6  stm32f7xx_ll_sdmmc.o
    0x080050f8   0x080050f8   0x00000008   Code   RO         3867    i.SDMMC_GetPowerState  stm32f7xx_ll_sdmmc.o
    0x08005100   0x08005100   0x0000000c   Code   RO         3868    i.SDMMC_GetResponse  stm32f7xx_ll_sdmmc.o
    0x0800510c   0x0800510c   0x00000022   Code   RO         3869    i.SDMMC_Init        stm32f7xx_ll_sdmmc.o
    0x0800512e   0x0800512e   0x00000008   Code   RO         3871    i.SDMMC_PowerState_ON  stm32f7xx_ll_sdmmc.o
    0x08005136   0x08005136   0x00000006   Code   RO         3872    i.SDMMC_ReadFIFO    stm32f7xx_ll_sdmmc.o
    0x0800513c   0x0800513c   0x00000022   Code   RO         3873    i.SDMMC_SendCommand  stm32f7xx_ll_sdmmc.o
    0x0800515e   0x0800515e   0x0000000a   Code   RO         3875    i.SDMMC_WriteFIFO   stm32f7xx_ll_sdmmc.o
    0x08005168   0x08005168   0x00000020   Code   RO          487    i.SD_CheckStatus    sd_diskio.o
    0x08005188   0x08005188   0x000000d6   Code   RO         4130    i.SD_FindSCR        stm32f7xx_hal_sd.o
    0x0800525e   0x0800525e   0x000000e6   Code   RO         4131    i.SD_InitCard       stm32f7xx_hal_sd.o
    0x08005344   0x08005344   0x000000a6   Code   RO         4132    i.SD_PowerON        stm32f7xx_hal_sd.o
    0x080053ea   0x080053ea   0x0000004e   Code   RO         4134    i.SD_WideBus_Disable  stm32f7xx_hal_sd.o
    0x08005438   0x08005438   0x0000004e   Code   RO         4135    i.SD_WideBus_Enable  stm32f7xx_hal_sd.o
    0x08005486   0x08005486   0x00000002   PAD
    0x08005488   0x08005488   0x00000020   Code   RO          488    i.SD_initialize     sd_diskio.o
    0x080054a8   0x080054a8   0x00000058   Code   RO          489    i.SD_ioctl          sd_diskio.o
    0x08005500   0x08005500   0x00000026   Code   RO          490    i.SD_read           sd_diskio.o
    0x08005526   0x08005526   0x00000004   Code   RO          491    i.SD_status         sd_diskio.o
    0x0800552a   0x0800552a   0x00000002   PAD
    0x0800552c   0x0800552c   0x00000026   Code   RO          492    i.SD_write          sd_diskio.o
    0x08005552   0x08005552   0x00000002   Code   RO          617    i.SVC_Handler       stm32f7xx_it.o
    0x08005554   0x08005554   0x000000d4   Code   RO           35    i.SystemClock_Config  main.o
    0x08005628   0x08005628   0x00000054   Code   RO         6881    i.SystemInit        system_stm32f7xx.o
    0x0800567c   0x0800567c   0x0000000c   Code   RO          618    i.TIM6_DAC_IRQHandler  stm32f7xx_it.o
    0x08005688   0x08005688   0x000000cc   Code   RO         4591    i.TIM_Base_SetConfig  stm32f7xx_hal_tim.o
    0x08005754   0x08005754   0x00000012   Code   RO         4602    i.TIM_ETR_SetConfig  stm32f7xx_hal_tim.o
    0x08005766   0x08005766   0x00000010   Code   RO         4603    i.TIM_ITRx_SetConfig  stm32f7xx_hal_tim.o
    0x08005776   0x08005776   0x00000002   PAD
    0x08005778   0x08005778   0x00000074   Code   RO         4604    i.TIM_OC1_SetConfig  stm32f7xx_hal_tim.o
    0x080057ec   0x080057ec   0x00000078   Code   RO         4605    i.TIM_OC2_SetConfig  stm32f7xx_hal_tim.o
    0x08005864   0x08005864   0x00000078   Code   RO         4606    i.TIM_OC3_SetConfig  stm32f7xx_hal_tim.o
    0x080058dc   0x080058dc   0x00000058   Code   RO         4607    i.TIM_OC4_SetConfig  stm32f7xx_hal_tim.o
    0x08005934   0x08005934   0x00000058   Code   RO         4608    i.TIM_OC5_SetConfig  stm32f7xx_hal_tim.o
    0x0800598c   0x0800598c   0x00000058   Code   RO         4609    i.TIM_OC6_SetConfig  stm32f7xx_hal_tim.o
    0x080059e4   0x080059e4   0x00000022   Code   RO         4611    i.TIM_TI1_ConfigInputStage  stm32f7xx_hal_tim.o
    0x08005a06   0x08005a06   0x00000024   Code   RO         4613    i.TIM_TI2_ConfigInputStage  stm32f7xx_hal_tim.o
    0x08005a2a   0x08005a2a   0x000000c8   Code   RO         5490    i.UART_AdvFeatureConfig  stm32f7xx_hal_uart.o
    0x08005af2   0x08005af2   0x0000003c   Code   RO         5491    i.UART_CheckIdleState  stm32f7xx_hal_uart.o
    0x08005b2e   0x08005b2e   0x00000014   Code   RO         5492    i.UART_DMAAbortOnError  stm32f7xx_hal_uart.o
    0x08005b42   0x08005b42   0x00000020   Code   RO         5502    i.UART_EndRxTransfer  stm32f7xx_hal_uart.o
    0x08005b62   0x08005b62   0x0000005a   Code   RO         5504    i.UART_RxISR_16BIT  stm32f7xx_hal_uart.o
    0x08005bbc   0x08005bbc   0x0000005a   Code   RO         5505    i.UART_RxISR_8BIT   stm32f7xx_hal_uart.o
    0x08005c16   0x08005c16   0x00000002   PAD
    0x08005c18   0x08005c18   0x00000254   Code   RO         5506    i.UART_SetConfig    stm32f7xx_hal_uart.o
    0x08005e6c   0x08005e6c   0x00000040   Code   RO         5507    i.UART_TxISR_16BIT  stm32f7xx_hal_uart.o
    0x08005eac   0x08005eac   0x0000003c   Code   RO         5508    i.UART_TxISR_8BIT   stm32f7xx_hal_uart.o
    0x08005ee8   0x08005ee8   0x00000060   Code   RO         5509    i.UART_WaitOnFlagUntilTimeout  stm32f7xx_hal_uart.o
    0x08005f48   0x08005f48   0x0000000c   Code   RO          619    i.USART1_IRQHandler  stm32f7xx_it.o
    0x08005f54   0x08005f54   0x0000000c   Code   RO          620    i.USART6_IRQHandler  stm32f7xx_it.o
    0x08005f60   0x08005f60   0x00000002   Code   RO          621    i.UsageFault_Handler  stm32f7xx_it.o
    0x08005f62   0x08005f62   0x00000022   Code   RO         1258    i.__NVIC_SetPriority  stm32f7xx_hal_cortex.o
    0x08005f84   0x08005f84   0x0000000e   Code   RO         7409    i.__scatterload_copy  mc_w.l(handlers.o)
    0x08005f92   0x08005f92   0x00000002   Code   RO         7410    i.__scatterload_null  mc_w.l(handlers.o)
    0x08005f94   0x08005f94   0x0000000e   Code   RO         7411    i.__scatterload_zeroinit  mc_w.l(handlers.o)
    0x08005fa2   0x08005fa2   0x00000002   PAD
    0x08005fa4   0x08005fa4   0x000000f8   Code   RO           36    i.main              main.o
    0x0800609c   0x0800609c   0x00000014   Data   RO          493    .constdata          sd_diskio.o
    0x080060b0   0x080060b0   0x00000010   Data   RO         6882    .constdata          system_stm32f7xx.o
    0x080060c0   0x080060c0   0x00000008   Data   RO         6883    .constdata          system_stm32f7xx.o
    0x080060c8   0x080060c8   0x00000020   Data   RO         7407    Region$$Table       anon$$obj.o


    Execution Region RW_IRAM1 (Exec base: 0x20000000, Load base: 0x080060e8, Size: 0x00000bb0, Max: 0x00050000, ABSOLUTE)

    Exec Addr    Load Addr    Size         Type   Attr      Idx    E Section Name        Object

    0x20000000   0x080060e8   0x00000001   Data   RW          494    .data               sd_diskio.o
    0x20000001   0x080060e9   0x00000005   Data   RW          551    .data               fatfs.o
    0x20000006   0x080060ee   0x00000002   PAD
    0x20000008   0x080060f0   0x0000000c   Data   RW          742    .data               stm32f7xx_hal_msp.o
    0x20000014   0x080060fc   0x0000000c   Data   RW         6639    .data               stm32f7xx_hal.o
    0x20000020   0x08006108   0x00000004   Data   RW         6884    .data               system_stm32f7xx.o
    0x20000024        -       0x00000740   Zero   RW           37    .bss                main.o
    0x20000764        -       0x00000040   Zero   RW          929    .bss                stm32f7xx_hal_timebase_tim.o
    0x200007a4        -       0x0000000c   Zero   RW         7309    .bss                ff_gen_drv.o
    0x200007b0        -       0x00000400   Zero   RW            1    STACK               startup_stm32f746xx.o


==============================================================================

Image component sizes


      Code (inc. data)   RO Data    RW Data    ZI Data      Debug   Object Name

       174         26          0          0          0       3939   bsp_driver_sd.o
        28         10          0          5          0       1022   fatfs.o
        24          4          0          0          0        549   fatfs_platform.o
        70          6          0          0         12       1683   ff_gen_drv.o
      2976        284          0          0       1856     965664   main.o
       232         14         20          1          0       4448   sd_diskio.o
        36          8        456          0       1024        836   startup_stm32f746xx.o
        86         14          0         12          0       8354   stm32f7xx_hal.o
       752         32          0          0          0       2863   stm32f7xx_hal_adc.o
       160         12          0          0          0      38198   stm32f7xx_hal_cortex.o
       120          6          0          0          0       1163   stm32f7xx_hal_crc.o
        78          0          0          0          0       1275   stm32f7xx_hal_crc_ex.o
       140          6          0          0          0       1148   stm32f7xx_hal_dcmi.o
        36          0          0          0          0       1223   stm32f7xx_hal_dma.o
       538          4          0          0          0       4282   stm32f7xx_hal_dma2d.o
       506         54          0          0          0       3852   stm32f7xx_hal_gpio.o
       184          4          0          0          0       2823   stm32f7xx_hal_i2c.o
       172          0          0          0          0       1963   stm32f7xx_hal_i2c_ex.o
      1000          6          0          0          0       5618   stm32f7xx_hal_ltdc.o
      2524        328          0         12          0      13586   stm32f7xx_hal_msp.o
        16          4          0          0          0        547   stm32f7xx_hal_pwr.o
       108          8          0          0          0       1268   stm32f7xx_hal_pwr_ex.o
       264          8          0          0          0       2750   stm32f7xx_hal_qspi.o
      1352         76          0          0          0       5805   stm32f7xx_hal_rcc.o
      1564         36          0          0          0       3321   stm32f7xx_hal_rcc_ex.o
      1096         14          0          0          0       6691   stm32f7xx_hal_rtc.o
        90          0          0          0          0       1273   stm32f7xx_hal_rtc_ex.o
       552         22          0          0          0       2559   stm32f7xx_hal_sai.o
      2468          0          0          0          0      13316   stm32f7xx_hal_sd.o
        66          0          0          0          0       1193   stm32f7xx_hal_sdram.o
       116          4          0          0          0       1307   stm32f7xx_hal_spdifrx.o
      1990        134          0          0          0      16244   stm32f7xx_hal_tim.o
       262         18          0          0          0       3968   stm32f7xx_hal_tim_ex.o
       116         16          0          0         64       1403   stm32f7xx_hal_timebase_tim.o
      1984         92          0          0          0      12333   stm32f7xx_hal_uart.o
        76         30          0          0          0       5935   stm32f7xx_it.o
       234          6          0          0          0       2025   stm32f7xx_ll_fmc.o
      1626         42          0          0          0      22912   stm32f7xx_ll_sdmmc.o
        84         16         24          4          0       1227   system_stm32f7xx.o

    ----------------------------------------------------------------------
     23956       1344        532         36       2956    1170566   Object Totals
         0          0         32          0          0          0   (incl. Generated)
        56          0          0          2          0          0   (incl. Padding)

    ----------------------------------------------------------------------

      Code (inc. data)   RO Data    RW Data    ZI Data      Debug   Library Member Name

         0          0          0          0          0          0   entry.o
         0          0          0          0          0          0   entry10a.o
         0          0          0          0          0          0   entry11a.o
         8          4          0          0          0          0   entry2.o
         4          0          0          0          0          0   entry5.o
         0          0          0          0          0          0   entry7b.o
         0          0          0          0          0          0   entry8b.o
         8          4          0          0          0          0   entry9a.o
        30          0          0          0          0          0   handlers.o
        36          8          0          0          0         68   init.o
        30          0          0          0          0         68   llshl.o
        32          0          0          0          0         68   llushr.o
        36          0          0          0          0         68   memcpya.o
        36          0          0          0          0        108   memseta.o
        98          0          0          0          0         92   uldiv.o

    ----------------------------------------------------------------------
       320         16          0          0          0        472   Library Totals
         2          0          0          0          0          0   (incl. Padding)

    ----------------------------------------------------------------------

      Code (inc. data)   RO Data    RW Data    ZI Data      Debug   Library Name

       318         16          0          0          0        472   mc_w.l

    ----------------------------------------------------------------------
       320         16          0          0          0        472   Library Totals

    ----------------------------------------------------------------------

==============================================================================


      Code (inc. data)   RO Data    RW Data    ZI Data      Debug   

     24276       1360        532         36       2956    1150386   Grand Totals
     24276       1360        532         36       2956    1150386   ELF Image Totals
     24276       1360        532         36          0          0   ROM Totals

==============================================================================

    Total RO  Size (Code + RO Data)                24808 (  24.23kB)
    Total RW  Size (RW Data + ZI Data)              2992 (   2.92kB)
    Total ROM Size (Code + RO Data + RW Data)      24844 (  24.26kB)

==============================================================================

